/Users/aryazaeri/Desktop/BestBefore/BestBefore_V2/ios/BestBefore_Prototype_IOS/BestBefore_Prototype_IOS/RoomObject.swift:19:8: error: type 'RoomObject' does not conform to protocol 'Decodable'
/Users/aryazaeri/Desktop/BestBefore/BestBefore_V2/ios/BestBefore_Prototype_IOS/BestBefore_Prototype_IOS/RoomObject.swift:19:8: error: type 'RoomObject' does not conform to protocol 'Decodable'
/Users/aryazaeri/Desktop/BestBefore/BestBefore_V2/ios/BestBefore_Prototype_IOS/BestBefore_Prototype_IOS/Database.swift:4:8: error: type 'RoomDTO' does not conform to protocol 'Decodable'
/Users/aryazaeri/Desktop/BestBefore/BestBefore_V2/ios/BestBefore_Prototype_IOS/BestBefore_Prototype_IOS/Database.swift:18:7: error: invalid redeclaration of 'rollingExpiryDays'
/Users/aryazaeri/Desktop/BestBefore/BestBefore_V2/ios/BestBefore_Prototype_IOS/BestBefore_Prototype_IOS/Database.swift:4:8: error: type 'RoomDTO' does not conform to protocol 'Decodable'
/Users/aryazaeri/Desktop/BestBefore/BestBefore_V2/ios/BestBefore_Prototype_IOS/BestBefore_Prototype_IOS/Database.swift:4:8: error: type 'RoomDTO' does not conform to protocol 'Encodable'
/Users/aryazaeri/Desktop/BestBefore/BestBefore_V2/ios/BestBefore_Prototype_IOS/BestBefore_Prototype_IOS/Database.swift:4:8: error: type 'RoomDTO' does not conform to protocol 'Encodable'
/Users/aryazaeri/Desktop/BestBefore/BestBefore_V2/ios/BestBefore_Prototype_IOS/BestBefore_Prototype_IOS/Database.swift:97:5: error: invalid redeclaration of 'theme'
/Users/aryazaeri/Desktop/BestBefore/BestBefore_V2/ios/BestBefore_Prototype_IOS/BestBefore_Prototype_IOS/Database.swift:157:11: error: invalid redeclaration of '_theme'
/Users/aryazaeri/Desktop/BestBefore/BestBefore_V2/ios/BestBefore_Prototype_IOS/BestBefore_Prototype_IOS/Database.swift:135:57: error: ambiguous use of 'email'
/Users/aryazaeri/Desktop/BestBefore/BestBefore_V2/ios/BestBefore_Prototype_IOS/BestBefore_Prototype_IOS/RoomObject.swift:8:8: error: type 'Collaborator' does not conform to protocol 'Decodable'
/Users/aryazaeri/Desktop/BestBefore/BestBefore_V2/ios/BestBefore_Prototype_IOS/BestBefore_Prototype_IOS/RoomObject.swift:10:7: error: invalid redeclaration of 'email'
/Users/aryazaeri/Desktop/BestBefore/BestBefore_V2/ios/BestBefore_Prototype_IOS/BestBefore_Prototype_IOS/RoomObject.swift:8:8: error: type 'Collaborator' does not conform to protocol 'Decodable'
/Users/aryazaeri/Desktop/BestBefore/BestBefore_V2/ios/BestBefore_Prototype_IOS/BestBefore_Prototype_IOS/RoomObject.swift:8:8: error: type 'Collaborator' does not conform to protocol 'Encodable'
/Users/aryazaeri/Desktop/BestBefore/BestBefore_V2/ios/BestBefore_Prototype_IOS/BestBefore_Prototype_IOS/RoomObject.swift:8:8: error: type 'Collaborator' does not conform to protocol 'Encodable'
/Users/aryazaeri/Desktop/BestBefore/BestBefore_V2/ios/BestBefore_Prototype_IOS/BestBefore_Prototype_IOS/RoomObject.swift:8:8: error: type 'Collaborator' does not conform to protocol 'Hashable'
/Users/aryazaeri/Desktop/BestBefore/BestBefore_V2/ios/BestBefore_Prototype_IOS/BestBefore_Prototype_IOS/RoomObject.swift:8:8: error: type 'Collaborator' does not conform to protocol 'Equatable'
/Users/aryazaeri/Desktop/BestBefore/BestBefore_V2/ios/BestBefore_Prototype_IOS/BestBefore_Prototype_IOS/RoomObject.swift:35:7: error: invalid redeclaration of 'collaborators'
/Users/aryazaeri/Desktop/BestBefore/BestBefore_V2/ios/BestBefore_Prototype_IOS/BestBefore_Prototype_IOS/RoomObject.swift:54:5: error: invalid redeclaration of 'expirationDate'
/Users/aryazaeri/Desktop/BestBefore/BestBefore_V2/ios/BestBefore_Prototype_IOS/BestBefore_Prototype_IOS/RoomObject.swift:55:5: error: invalid redeclaration of 'rollingExpiryDays'
/Users/aryazaeri/Desktop/BestBefore/BestBefore_V2/ios/BestBefore_Prototype_IOS/BestBefore_Prototype_IOS/RoomObject.swift:19:8: error: type 'RoomObject' does not conform to protocol 'Hashable'
/Users/aryazaeri/Desktop/BestBefore/BestBefore_V2/ios/BestBefore_Prototype_IOS/BestBefore_Prototype_IOS/RoomObject.swift:19:8: error: type 'RoomObject' does not conform to protocol 'Encodable'
/Users/aryazaeri/Desktop/BestBefore/BestBefore_V2/ios/BestBefore_Prototype_IOS/BestBefore_Prototype_IOS/RoomObject.swift:19:8: error: type 'RoomObject' does not conform to protocol 'Encodable'
/Users/aryazaeri/Desktop/BestBefore/BestBefore_V2/ios/BestBefore_Prototype_IOS/BestBefore_Prototype_IOS/RoomObject.swift:19:8: error: type 'RoomObject' does not conform to protocol 'Equatable'
