Command line invocation:
    /Applications/Xcode.app/Contents/Developer/usr/bin/xcodebuild -project BestBefore_Prototype_IOS.xcodeproj -scheme BestBefore_Prototype_IOS -sdk iphonesimulator build

Build settings from command line:
    SDKROOT = iphonesimulator26.2

Resolve Package Graph


Resolved source packages:
  InteropForGoogle: https://github.com/google/interop-ios-for-google-sdks.git @ 101.0.0
  leveldb: https://github.com/firebase/leveldb.git @ 1.22.5
  AppCheck: https://github.com/google/app-check.git @ 11.2.0
  abseil: https://github.com/google/abseil-cpp-binary.git @ 1.2024072200.0
  nanopb: https://github.com/firebase/nanopb.git @ 2.30910.0
  Firebase: https://github.com/firebase/firebase-ios-sdk @ 12.8.0
  Pow: https://github.com/EmergeTools/Pow @ 1.0.5
  gRPC: https://github.com/google/grpc-binary.git @ 1.69.1
  GoogleAdsOnDeviceConversion: https://github.com/googleads/google-ads-on-device-conversion-ios-sdk @ 3.2.0
  Promises: https://github.com/google/promises.git @ 2.4.0
  GoogleDataTransport: https://github.com/google/GoogleDataTransport.git @ 10.1.0
  GTMSessionFetcher: https://github.com/google/gtm-session-fetcher.git @ 5.0.0
  GoogleUtilities: https://github.com/google/GoogleUtilities.git @ 8.1.0
  GoogleAppMeasurement: https://github.com/google/GoogleAppMeasurement.git @ 12.8.0
  RiveRuntime: https://github.com/rive-app/rive-ios @ 6.13.0

ComputePackagePrebuildTargetDependencyGraph

Prepare packages

CreateBuildRequest

SendProjectDescription

CreateBuildOperation

ComputeTargetDependencyGraph
note: Building targets in dependency order
note: Target dependency graph (40 targets)
    Target 'BestBefore_Prototype_IOS' in project 'BestBefore_Prototype_IOS'
        ➜ Explicit dependency on target 'Pow' in project 'Pow'
        ➜ Explicit dependency on target 'FirebaseAuth' in project 'Firebase'
        ➜ Explicit dependency on target 'RiveRuntime' in project 'RiveRuntime'
    Target 'RiveRuntime' in project 'RiveRuntime' (no dependencies)
    Target 'FirebaseAuth' in project 'Firebase'
        ➜ Explicit dependency on target 'FirebaseAuth' in project 'Firebase'
        ➜ Explicit dependency on target 'Firebase_FirebaseAuth' in project 'Firebase'
        ➜ Explicit dependency on target 'FirebaseAppCheckInterop' in project 'Firebase'
        ➜ Explicit dependency on target 'FirebaseAuthInterop' in project 'Firebase'
        ➜ Explicit dependency on target 'FirebaseAuthInternal' in project 'Firebase'
        ➜ Explicit dependency on target 'Firebase' in project 'Firebase'
        ➜ Explicit dependency on target 'FirebaseCoreInternal' in project 'Firebase'
        ➜ Explicit dependency on target 'FirebaseCore' in project 'Firebase'
        ➜ Explicit dependency on target 'FirebaseCoreExtension' in project 'Firebase'
        ➜ Explicit dependency on target 'RecaptchaInterop' in project 'InteropForGoogle'
        ➜ Explicit dependency on target 'GULNSData' in project 'GoogleUtilities'
        ➜ Explicit dependency on target 'GULEnvironment' in project 'GoogleUtilities'
        ➜ Explicit dependency on target 'GULLogger' in project 'GoogleUtilities'
        ➜ Explicit dependency on target 'GULAppDelegateSwizzler' in project 'GoogleUtilities'
        ➜ Explicit dependency on target 'GTMSessionFetcherCore' in project 'GTMSessionFetcher'
    Target 'FirebaseAuth' in project 'Firebase'
        ➜ Explicit dependency on target 'Firebase_FirebaseAuth' in project 'Firebase'
        ➜ Explicit dependency on target 'FirebaseAppCheckInterop' in project 'Firebase'
        ➜ Explicit dependency on target 'FirebaseAuthInterop' in project 'Firebase'
        ➜ Explicit dependency on target 'FirebaseAuthInternal' in project 'Firebase'
        ➜ Explicit dependency on target 'Firebase' in project 'Firebase'
        ➜ Explicit dependency on target 'FirebaseCoreInternal' in project 'Firebase'
        ➜ Explicit dependency on target 'FirebaseCore' in project 'Firebase'
        ➜ Explicit dependency on target 'FirebaseCoreExtension' in project 'Firebase'
        ➜ Explicit dependency on target 'RecaptchaInterop' in project 'InteropForGoogle'
        ➜ Explicit dependency on target 'GULNSData' in project 'GoogleUtilities'
        ➜ Explicit dependency on target 'GULEnvironment' in project 'GoogleUtilities'
        ➜ Explicit dependency on target 'GULLogger' in project 'GoogleUtilities'
        ➜ Explicit dependency on target 'GULAppDelegateSwizzler' in project 'GoogleUtilities'
        ➜ Explicit dependency on target 'GTMSessionFetcherCore' in project 'GTMSessionFetcher'
    Target 'GTMSessionFetcherCore' in project 'GTMSessionFetcher'
        ➜ Explicit dependency on target 'GTMSessionFetcherCore' in project 'GTMSessionFetcher'
        ➜ Explicit dependency on target 'GTMSessionFetcher_GTMSessionFetcherCore' in project 'GTMSessionFetcher'
    Target 'GTMSessionFetcherCore' in project 'GTMSessionFetcher'
        ➜ Explicit dependency on target 'GTMSessionFetcher_GTMSessionFetcherCore' in project 'GTMSessionFetcher'
    Target 'GTMSessionFetcher_GTMSessionFetcherCore' in project 'GTMSessionFetcher' (no dependencies)
    Target 'GULAppDelegateSwizzler' in project 'GoogleUtilities'
        ➜ Explicit dependency on target 'GoogleUtilities-AppDelegateSwizzler' in project 'GoogleUtilities'
        ➜ Explicit dependency on target 'GoogleUtilities_GoogleUtilities-AppDelegateSwizzler' in project 'GoogleUtilities'
        ➜ Explicit dependency on target 'third-party-IsAppEncrypted' in project 'GoogleUtilities'
        ➜ Explicit dependency on target 'GoogleUtilities-Environment' in project 'GoogleUtilities'
        ➜ Explicit dependency on target 'GoogleUtilities-Logger' in project 'GoogleUtilities'
        ➜ Explicit dependency on target 'GoogleUtilities-NSData' in project 'GoogleUtilities'
        ➜ Explicit dependency on target 'GoogleUtilities-Reachability' in project 'GoogleUtilities'
        ➜ Explicit dependency on target 'GoogleUtilities-Network' in project 'GoogleUtilities'
    Target 'GoogleUtilities-AppDelegateSwizzler' in project 'GoogleUtilities'
        ➜ Explicit dependency on target 'GoogleUtilities_GoogleUtilities-AppDelegateSwizzler' in project 'GoogleUtilities'
        ➜ Explicit dependency on target 'third-party-IsAppEncrypted' in project 'GoogleUtilities'
        ➜ Explicit dependency on target 'GoogleUtilities-Environment' in project 'GoogleUtilities'
        ➜ Explicit dependency on target 'GoogleUtilities-Logger' in project 'GoogleUtilities'
        ➜ Explicit dependency on target 'GoogleUtilities-NSData' in project 'GoogleUtilities'
        ➜ Explicit dependency on target 'GoogleUtilities-Reachability' in project 'GoogleUtilities'
        ➜ Explicit dependency on target 'GoogleUtilities-Network' in project 'GoogleUtilities'
    Target 'GoogleUtilities-Network' in project 'GoogleUtilities'
        ➜ Explicit dependency on target 'GoogleUtilities_GoogleUtilities-Network' in project 'GoogleUtilities'
        ➜ Explicit dependency on target 'third-party-IsAppEncrypted' in project 'GoogleUtilities'
        ➜ Explicit dependency on target 'GoogleUtilities-Environment' in project 'GoogleUtilities'
        ➜ Explicit dependency on target 'GoogleUtilities-Logger' in project 'GoogleUtilities'
        ➜ Explicit dependency on target 'GoogleUtilities-NSData' in project 'GoogleUtilities'
        ➜ Explicit dependency on target 'GoogleUtilities-Reachability' in project 'GoogleUtilities'
    Target 'GoogleUtilities_GoogleUtilities-Network' in project 'GoogleUtilities' (no dependencies)
    Target 'GoogleUtilities-Reachability' in project 'GoogleUtilities'
        ➜ Explicit dependency on target 'GoogleUtilities_GoogleUtilities-Reachability' in project 'GoogleUtilities'
        ➜ Explicit dependency on target 'third-party-IsAppEncrypted' in project 'GoogleUtilities'
        ➜ Explicit dependency on target 'GoogleUtilities-Environment' in project 'GoogleUtilities'
        ➜ Explicit dependency on target 'GoogleUtilities-Logger' in project 'GoogleUtilities'
    Target 'GoogleUtilities_GoogleUtilities-Reachability' in project 'GoogleUtilities' (no dependencies)
    Target 'GoogleUtilities_GoogleUtilities-AppDelegateSwizzler' in project 'GoogleUtilities' (no dependencies)
    Target 'FirebaseCoreExtension' in project 'Firebase'
        ➜ Explicit dependency on target 'Firebase_FirebaseCoreExtension' in project 'Firebase'
    Target 'Firebase_FirebaseCoreExtension' in project 'Firebase' (no dependencies)
    Target 'FirebaseCore' in project 'Firebase'
        ➜ Explicit dependency on target 'Firebase_FirebaseCore' in project 'Firebase'
        ➜ Explicit dependency on target 'Firebase' in project 'Firebase'
        ➜ Explicit dependency on target 'FirebaseCoreInternal' in project 'Firebase'
        ➜ Explicit dependency on target 'GULNSData' in project 'GoogleUtilities'
        ➜ Explicit dependency on target 'GULEnvironment' in project 'GoogleUtilities'
        ➜ Explicit dependency on target 'GULLogger' in project 'GoogleUtilities'
    Target 'GULLogger' in project 'GoogleUtilities'
        ➜ Explicit dependency on target 'GoogleUtilities-Logger' in project 'GoogleUtilities'
        ➜ Explicit dependency on target 'GoogleUtilities_GoogleUtilities-Logger' in project 'GoogleUtilities'
        ➜ Explicit dependency on target 'third-party-IsAppEncrypted' in project 'GoogleUtilities'
        ➜ Explicit dependency on target 'GoogleUtilities-Environment' in project 'GoogleUtilities'
    Target 'GoogleUtilities-Logger' in project 'GoogleUtilities'
        ➜ Explicit dependency on target 'GoogleUtilities_GoogleUtilities-Logger' in project 'GoogleUtilities'
        ➜ Explicit dependency on target 'third-party-IsAppEncrypted' in project 'GoogleUtilities'
        ➜ Explicit dependency on target 'GoogleUtilities-Environment' in project 'GoogleUtilities'
    Target 'GoogleUtilities_GoogleUtilities-Logger' in project 'GoogleUtilities' (no dependencies)
    Target 'GULEnvironment' in project 'GoogleUtilities'
        ➜ Explicit dependency on target 'GoogleUtilities-Environment' in project 'GoogleUtilities'
        ➜ Explicit dependency on target 'GoogleUtilities_GoogleUtilities-Environment' in project 'GoogleUtilities'
        ➜ Explicit dependency on target 'third-party-IsAppEncrypted' in project 'GoogleUtilities'
    Target 'GoogleUtilities-Environment' in project 'GoogleUtilities'
        ➜ Explicit dependency on target 'GoogleUtilities_GoogleUtilities-Environment' in project 'GoogleUtilities'
        ➜ Explicit dependency on target 'third-party-IsAppEncrypted' in project 'GoogleUtilities'
    Target 'third-party-IsAppEncrypted' in project 'GoogleUtilities' (no dependencies)
    Target 'GoogleUtilities_GoogleUtilities-Environment' in project 'GoogleUtilities' (no dependencies)
    Target 'Firebase_FirebaseCore' in project 'Firebase' (no dependencies)
    Target 'FirebaseCoreInternal' in project 'Firebase'
        ➜ Explicit dependency on target 'Firebase_FirebaseCoreInternal' in project 'Firebase'
        ➜ Explicit dependency on target 'GULNSData' in project 'GoogleUtilities'
    Target 'GULNSData' in project 'GoogleUtilities'
        ➜ Explicit dependency on target 'GoogleUtilities-NSData' in project 'GoogleUtilities'
        ➜ Explicit dependency on target 'GoogleUtilities_GoogleUtilities-NSData' in project 'GoogleUtilities'
    Target 'GoogleUtilities-NSData' in project 'GoogleUtilities'
        ➜ Explicit dependency on target 'GoogleUtilities_GoogleUtilities-NSData' in project 'GoogleUtilities'
    Target 'GoogleUtilities_GoogleUtilities-NSData' in project 'GoogleUtilities' (no dependencies)
    Target 'Firebase_FirebaseCoreInternal' in project 'Firebase' (no dependencies)
    Target 'Firebase' in project 'Firebase' (no dependencies)
    Target 'FirebaseAuthInternal' in project 'Firebase'
        ➜ Explicit dependency on target 'RecaptchaInterop' in project 'InteropForGoogle'
    Target 'RecaptchaInterop' in project 'InteropForGoogle'
        ➜ Explicit dependency on target 'RecaptchaInterop' in project 'InteropForGoogle'
    Target 'RecaptchaInterop' in project 'InteropForGoogle' (no dependencies)
    Target 'FirebaseAuthInterop' in project 'Firebase' (no dependencies)
    Target 'FirebaseAppCheckInterop' in project 'Firebase' (no dependencies)
    Target 'Firebase_FirebaseAuth' in project 'Firebase' (no dependencies)
    Target 'Pow' in project 'Pow'
        ➜ Explicit dependency on target 'Pow' in project 'Pow'
        ➜ Explicit dependency on target 'Pow_Pow' in project 'Pow'
    Target 'Pow' in project 'Pow'
        ➜ Explicit dependency on target 'Pow_Pow' in project 'Pow'
    Target 'Pow_Pow' in project 'Pow' (no dependencies)

GatherProvisioningInputs

CreateBuildDescription

ExecuteExternalTool /Applications/Xcode.app/Contents/Developer/usr/bin/actool --version --output-format xml1

ExecuteExternalTool /Applications/Xcode.app/Contents/Developer/Toolchains/XcodeDefault.xctoolchain/usr/bin/clang -v -E -dM -arch arm64 -isysroot /Applications/Xcode.app/Contents/Developer/Platforms/iPhoneSimulator.platform/Developer/SDKs/iPhoneSimulator26.2.sdk -x objective-c -c /dev/null

ExecuteExternalTool /Applications/Xcode.app/Contents/Developer/Toolchains/XcodeDefault.xctoolchain/usr/bin/swiftc --version

ExecuteExternalTool /Applications/Xcode.app/Contents/Developer/Toolchains/XcodeDefault.xctoolchain/usr/bin/clang -v -E -dM -isysroot /Applications/Xcode.app/Contents/Developer/Platforms/iPhoneSimulator.platform/Developer/SDKs/iPhoneSimulator26.2.sdk -x c -c /dev/null

ExecuteExternalTool /Applications/Xcode.app/Contents/Developer/usr/bin/momc --dry-run --action generate --swift-version 5.0 --sdkroot /Applications/Xcode.app/Contents/Developer/Platforms/iPhoneSimulator.platform/Developer/SDKs/iPhoneSimulator26.2.sdk --iphonesimulator-deployment-target 17.0 --module BestBefore_Prototype_IOS /Users/aryazaeri/Desktop/BestBefore/BestBefore_V2/ios/BestBefore_Prototype_IOS/BestBefore_Prototype_IOS/BestBefore_Prototype_IOS.xcdatamodeld /Users/aryazaeri/Library/Developer/Xcode/DerivedData/BestBefore_Prototype_IOS-gbnddpnjsvathjdutdcktjqecxgh/Build/Intermediates.noindex/BestBefore_Prototype_IOS.build/Debug-iphonesimulator/BestBefore_Prototype_IOS.build/DerivedSources/CoreDataGenerated/BestBefore_Prototype_IOS

ExecuteExternalTool /Applications/Xcode.app/Contents/Developer/usr/bin/actool --print-asset-tag-combinations --output-format xml1 /Users/aryazaeri/Desktop/BestBefore/BestBefore_V2/ios/BestBefore_Prototype_IOS/BestBefore_Prototype_IOS/Assets.xcassets

ExecuteExternalTool /Applications/Xcode.app/Contents/Developer/Toolchains/XcodeDefault.xctoolchain/usr/bin/clang -v -E -dM -arch arm64 -isysroot /Applications/Xcode.app/Contents/Developer/Platforms/iPhoneSimulator.platform/Developer/SDKs/iPhoneSimulator26.2.sdk -x c -c /dev/null

ExecuteExternalTool /Applications/Xcode.app/Contents/Developer/Toolchains/XcodeDefault.xctoolchain/usr/bin/ld -version_details

ExecuteExternalTool /Applications/Xcode.app/Contents/Developer/Toolchains/XcodeDefault.xctoolchain/usr/bin/clang -v -E -dM -arch x86_64 -isysroot /Applications/Xcode.app/Contents/Developer/Platforms/iPhoneSimulator.platform/Developer/SDKs/iPhoneSimulator26.2.sdk -x objective-c -c /dev/null

ExecuteExternalTool /Applications/Xcode.app/Contents/Developer/Toolchains/XcodeDefault.xctoolchain/usr/bin/clang -v -E -dM -arch x86_64 -isysroot /Applications/Xcode.app/Contents/Developer/Platforms/iPhoneSimulator.platform/Developer/SDKs/iPhoneSimulator26.2.sdk -x c -c /dev/null

Build description signature: b1d93624f5b75b3773f46f821f126eff
Build description path: /Users/aryazaeri/Library/Developer/Xcode/DerivedData/BestBefore_Prototype_IOS-gbnddpnjsvathjdutdcktjqecxgh/Build/Intermediates.noindex/XCBuildData/b1d93624f5b75b3773f46f821f126eff.xcbuilddata
ClangStatCache /Applications/Xcode.app/Contents/Developer/Toolchains/XcodeDefault.xctoolchain/usr/bin/clang-stat-cache /Applications/Xcode.app/Contents/Developer/Platforms/iPhoneSimulator.platform/Developer/SDKs/iPhoneSimulator26.2.sdk /Users/aryazaeri/Library/Developer/Xcode/DerivedData/SDKStatCaches.noindex/iphonesimulator26.2-23C57-dc75598d0054f22ec865fa860f139d727d00a8b37fbd7999ea79df8ebc024bf0.sdkstatcache
    cd /Users/aryazaeri/Desktop/BestBefore/BestBefore_V2/ios/BestBefore_Prototype_IOS/BestBefore_Prototype_IOS.xcodeproj
    /Applications/Xcode.app/Contents/Developer/Toolchains/XcodeDefault.xctoolchain/usr/bin/clang-stat-cache /Applications/Xcode.app/Contents/Developer/Platforms/iPhoneSimulator.platform/Developer/SDKs/iPhoneSimulator26.2.sdk -o /Users/aryazaeri/Library/Developer/Xcode/DerivedData/SDKStatCaches.noindex/iphonesimulator26.2-23C57-dc75598d0054f22ec865fa860f139d727d00a8b37fbd7999ea79df8ebc024bf0.sdkstatcache

ProcessInfoPlistFile /Users/aryazaeri/Library/Developer/Xcode/DerivedData/BestBefore_Prototype_IOS-gbnddpnjsvathjdutdcktjqecxgh/Build/Products/Debug-iphonesimulator/Pow_Pow.bundle/Info.plist /Users/aryazaeri/Library/Developer/Xcode/DerivedData/BestBefore_Prototype_IOS-gbnddpnjsvathjdutdcktjqecxgh/Build/Intermediates.noindex/Pow.build/Debug-iphonesimulator/Pow_Pow.build/empty-Pow_Pow.plist (in target 'Pow_Pow' from project 'Pow')
    cd /Users/aryazaeri/Library/Developer/Xcode/DerivedData/BestBefore_Prototype_IOS-gbnddpnjsvathjdutdcktjqecxgh/SourcePackages/checkouts/Pow
    builtin-infoPlistUtility /Users/aryazaeri/Library/Developer/Xcode/DerivedData/BestBefore_Prototype_IOS-gbnddpnjsvathjdutdcktjqecxgh/Build/Intermediates.noindex/Pow.build/Debug-iphonesimulator/Pow_Pow.build/empty-Pow_Pow.plist -producttype com.apple.product-type.bundle -expandbuildsettings -format binary -platform iphonesimulator -additionalcontentfile /Users/aryazaeri/Library/Developer/Xcode/DerivedData/BestBefore_Prototype_IOS-gbnddpnjsvathjdutdcktjqecxgh/Build/Intermediates.noindex/Pow.build/Debug-iphonesimulator/Pow_Pow.build/assetcatalog_generated_info.plist -o /Users/aryazaeri/Library/Developer/Xcode/DerivedData/BestBefore_Prototype_IOS-gbnddpnjsvathjdutdcktjqecxgh/Build/Products/Debug-iphonesimulator/Pow_Pow.bundle/Info.plist

ProcessInfoPlistFile /Users/aryazaeri/Library/Developer/Xcode/DerivedData/BestBefore_Prototype_IOS-gbnddpnjsvathjdutdcktjqecxgh/Build/Products/Debug-iphonesimulator/Firebase_FirebaseAuth.bundle/Info.plist /Users/aryazaeri/Library/Developer/Xcode/DerivedData/BestBefore_Prototype_IOS-gbnddpnjsvathjdutdcktjqecxgh/Build/Intermediates.noindex/Firebase.build/Debug-iphonesimulator/Firebase_FirebaseAuth.build/empty-Firebase_FirebaseAuth.plist (in target 'Firebase_FirebaseAuth' from project 'Firebase')
    cd /Users/aryazaeri/Library/Developer/Xcode/DerivedData/BestBefore_Prototype_IOS-gbnddpnjsvathjdutdcktjqecxgh/SourcePackages/checkouts/firebase-ios-sdk
    builtin-infoPlistUtility /Users/aryazaeri/Library/Developer/Xcode/DerivedData/BestBefore_Prototype_IOS-gbnddpnjsvathjdutdcktjqecxgh/Build/Intermediates.noindex/Firebase.build/Debug-iphonesimulator/Firebase_FirebaseAuth.build/empty-Firebase_FirebaseAuth.plist -producttype com.apple.product-type.bundle -expandbuildsettings -format binary -platform iphonesimulator -o /Users/aryazaeri/Library/Developer/Xcode/DerivedData/BestBefore_Prototype_IOS-gbnddpnjsvathjdutdcktjqecxgh/Build/Products/Debug-iphonesimulator/Firebase_FirebaseAuth.bundle/Info.plist

ProcessInfoPlistFile /Users/aryazaeri/Library/Developer/Xcode/DerivedData/BestBefore_Prototype_IOS-gbnddpnjsvathjdutdcktjqecxgh/Build/Products/Debug-iphonesimulator/GoogleUtilities_GoogleUtilities-NSData.bundle/Info.plist /Users/aryazaeri/Library/Developer/Xcode/DerivedData/BestBefore_Prototype_IOS-gbnddpnjsvathjdutdcktjqecxgh/Build/Intermediates.noindex/GoogleUtilities.build/Debug-iphonesimulator/GoogleUtilities_GoogleUtilities-NSData.build/empty-GoogleUtilities_GoogleUtilities-NSData.plist (in target 'GoogleUtilities_GoogleUtilities-NSData' from project 'GoogleUtilities')
    cd /Users/aryazaeri/Library/Developer/Xcode/DerivedData/BestBefore_Prototype_IOS-gbnddpnjsvathjdutdcktjqecxgh/SourcePackages/checkouts/GoogleUtilities
    builtin-infoPlistUtility /Users/aryazaeri/Library/Developer/Xcode/DerivedData/BestBefore_Prototype_IOS-gbnddpnjsvathjdutdcktjqecxgh/Build/Intermediates.noindex/GoogleUtilities.build/Debug-iphonesimulator/GoogleUtilities_GoogleUtilities-NSData.build/empty-GoogleUtilities_GoogleUtilities-NSData.plist -producttype com.apple.product-type.bundle -expandbuildsettings -format binary -platform iphonesimulator -o /Users/aryazaeri/Library/Developer/Xcode/DerivedData/BestBefore_Prototype_IOS-gbnddpnjsvathjdutdcktjqecxgh/Build/Products/Debug-iphonesimulator/GoogleUtilities_GoogleUtilities-NSData.bundle/Info.plist

ProcessInfoPlistFile /Users/aryazaeri/Library/Developer/Xcode/DerivedData/BestBefore_Prototype_IOS-gbnddpnjsvathjdutdcktjqecxgh/Build/Products/Debug-iphonesimulator/GoogleUtilities_GoogleUtilities-Environment.bundle/Info.plist /Users/aryazaeri/Library/Developer/Xcode/DerivedData/BestBefore_Prototype_IOS-gbnddpnjsvathjdutdcktjqecxgh/Build/Intermediates.noindex/GoogleUtilities.build/Debug-iphonesimulator/GoogleUtilities_GoogleUtilities-Environment.build/empty-GoogleUtilities_GoogleUtilities-Environment.plist (in target 'GoogleUtilities_GoogleUtilities-Environment' from project 'GoogleUtilities')
    cd /Users/aryazaeri/Library/Developer/Xcode/DerivedData/BestBefore_Prototype_IOS-gbnddpnjsvathjdutdcktjqecxgh/SourcePackages/checkouts/GoogleUtilities
    builtin-infoPlistUtility /Users/aryazaeri/Library/Developer/Xcode/DerivedData/BestBefore_Prototype_IOS-gbnddpnjsvathjdutdcktjqecxgh/Build/Intermediates.noindex/GoogleUtilities.build/Debug-iphonesimulator/GoogleUtilities_GoogleUtilities-Environment.build/empty-GoogleUtilities_GoogleUtilities-Environment.plist -producttype com.apple.product-type.bundle -expandbuildsettings -format binary -platform iphonesimulator -o /Users/aryazaeri/Library/Developer/Xcode/DerivedData/BestBefore_Prototype_IOS-gbnddpnjsvathjdutdcktjqecxgh/Build/Products/Debug-iphonesimulator/GoogleUtilities_GoogleUtilities-Environment.bundle/Info.plist

ProcessInfoPlistFile /Users/aryazaeri/Library/Developer/Xcode/DerivedData/BestBefore_Prototype_IOS-gbnddpnjsvathjdutdcktjqecxgh/Build/Products/Debug-iphonesimulator/Firebase_FirebaseCoreExtension.bundle/Info.plist /Users/aryazaeri/Library/Developer/Xcode/DerivedData/BestBefore_Prototype_IOS-gbnddpnjsvathjdutdcktjqecxgh/Build/Intermediates.noindex/Firebase.build/Debug-iphonesimulator/Firebase_FirebaseCoreExtension.build/empty-Firebase_FirebaseCoreExtension.plist (in target 'Firebase_FirebaseCoreExtension' from project 'Firebase')
    cd /Users/aryazaeri/Library/Developer/Xcode/DerivedData/BestBefore_Prototype_IOS-gbnddpnjsvathjdutdcktjqecxgh/SourcePackages/checkouts/firebase-ios-sdk
    builtin-infoPlistUtility /Users/aryazaeri/Library/Developer/Xcode/DerivedData/BestBefore_Prototype_IOS-gbnddpnjsvathjdutdcktjqecxgh/Build/Intermediates.noindex/Firebase.build/Debug-iphonesimulator/Firebase_FirebaseCoreExtension.build/empty-Firebase_FirebaseCoreExtension.plist -producttype com.apple.product-type.bundle -expandbuildsettings -format binary -platform iphonesimulator -o /Users/aryazaeri/Library/Developer/Xcode/DerivedData/BestBefore_Prototype_IOS-gbnddpnjsvathjdutdcktjqecxgh/Build/Products/Debug-iphonesimulator/Firebase_FirebaseCoreExtension.bundle/Info.plist

ProcessInfoPlistFile /Users/aryazaeri/Library/Developer/Xcode/DerivedData/BestBefore_Prototype_IOS-gbnddpnjsvathjdutdcktjqecxgh/Build/Products/Debug-iphonesimulator/GoogleUtilities_GoogleUtilities-Logger.bundle/Info.plist /Users/aryazaeri/Library/Developer/Xcode/DerivedData/BestBefore_Prototype_IOS-gbnddpnjsvathjdutdcktjqecxgh/Build/Intermediates.noindex/GoogleUtilities.build/Debug-iphonesimulator/GoogleUtilities_GoogleUtilities-Logger.build/empty-GoogleUtilities_GoogleUtilities-Logger.plist (in target 'GoogleUtilities_GoogleUtilities-Logger' from project 'GoogleUtilities')
    cd /Users/aryazaeri/Library/Developer/Xcode/DerivedData/BestBefore_Prototype_IOS-gbnddpnjsvathjdutdcktjqecxgh/SourcePackages/checkouts/GoogleUtilities
    builtin-infoPlistUtility /Users/aryazaeri/Library/Developer/Xcode/DerivedData/BestBefore_Prototype_IOS-gbnddpnjsvathjdutdcktjqecxgh/Build/Intermediates.noindex/GoogleUtilities.build/Debug-iphonesimulator/GoogleUtilities_GoogleUtilities-Logger.build/empty-GoogleUtilities_GoogleUtilities-Logger.plist -producttype com.apple.product-type.bundle -expandbuildsettings -format binary -platform iphonesimulator -o /Users/aryazaeri/Library/Developer/Xcode/DerivedData/BestBefore_Prototype_IOS-gbnddpnjsvathjdutdcktjqecxgh/Build/Products/Debug-iphonesimulator/GoogleUtilities_GoogleUtilities-Logger.bundle/Info.plist

ProcessInfoPlistFile /Users/aryazaeri/Library/Developer/Xcode/DerivedData/BestBefore_Prototype_IOS-gbnddpnjsvathjdutdcktjqecxgh/Build/Products/Debug-iphonesimulator/GoogleUtilities_GoogleUtilities-AppDelegateSwizzler.bundle/Info.plist /Users/aryazaeri/Library/Developer/Xcode/DerivedData/BestBefore_Prototype_IOS-gbnddpnjsvathjdutdcktjqecxgh/Build/Intermediates.noindex/GoogleUtilities.build/Debug-iphonesimulator/GoogleUtilities_GoogleUtilities-AppDelegateSwizzler.build/empty-GoogleUtilities_GoogleUtilities-AppDelegateSwizzler.plist (in target 'GoogleUtilities_GoogleUtilities-AppDelegateSwizzler' from project 'GoogleUtilities')
    cd /Users/aryazaeri/Library/Developer/Xcode/DerivedData/BestBefore_Prototype_IOS-gbnddpnjsvathjdutdcktjqecxgh/SourcePackages/checkouts/GoogleUtilities
    builtin-infoPlistUtility /Users/aryazaeri/Library/Developer/Xcode/DerivedData/BestBefore_Prototype_IOS-gbnddpnjsvathjdutdcktjqecxgh/Build/Intermediates.noindex/GoogleUtilities.build/Debug-iphonesimulator/GoogleUtilities_GoogleUtilities-AppDelegateSwizzler.build/empty-GoogleUtilities_GoogleUtilities-AppDelegateSwizzler.plist -producttype com.apple.product-type.bundle -expandbuildsettings -format binary -platform iphonesimulator -o /Users/aryazaeri/Library/Developer/Xcode/DerivedData/BestBefore_Prototype_IOS-gbnddpnjsvathjdutdcktjqecxgh/Build/Products/Debug-iphonesimulator/GoogleUtilities_GoogleUtilities-AppDelegateSwizzler.bundle/Info.plist

ProcessInfoPlistFile /Users/aryazaeri/Library/Developer/Xcode/DerivedData/BestBefore_Prototype_IOS-gbnddpnjsvathjdutdcktjqecxgh/Build/Products/Debug-iphonesimulator/GoogleUtilities_GoogleUtilities-Reachability.bundle/Info.plist /Users/aryazaeri/Library/Developer/Xcode/DerivedData/BestBefore_Prototype_IOS-gbnddpnjsvathjdutdcktjqecxgh/Build/Intermediates.noindex/GoogleUtilities.build/Debug-iphonesimulator/GoogleUtilities_GoogleUtilities-Reachability.build/empty-GoogleUtilities_GoogleUtilities-Reachability.plist (in target 'GoogleUtilities_GoogleUtilities-Reachability' from project 'GoogleUtilities')
    cd /Users/aryazaeri/Library/Developer/Xcode/DerivedData/BestBefore_Prototype_IOS-gbnddpnjsvathjdutdcktjqecxgh/SourcePackages/checkouts/GoogleUtilities
    builtin-infoPlistUtility /Users/aryazaeri/Library/Developer/Xcode/DerivedData/BestBefore_Prototype_IOS-gbnddpnjsvathjdutdcktjqecxgh/Build/Intermediates.noindex/GoogleUtilities.build/Debug-iphonesimulator/GoogleUtilities_GoogleUtilities-Reachability.build/empty-GoogleUtilities_GoogleUtilities-Reachability.plist -producttype com.apple.product-type.bundle -expandbuildsettings -format binary -platform iphonesimulator -o /Users/aryazaeri/Library/Developer/Xcode/DerivedData/BestBefore_Prototype_IOS-gbnddpnjsvathjdutdcktjqecxgh/Build/Products/Debug-iphonesimulator/GoogleUtilities_GoogleUtilities-Reachability.bundle/Info.plist

ProcessInfoPlistFile /Users/aryazaeri/Library/Developer/Xcode/DerivedData/BestBefore_Prototype_IOS-gbnddpnjsvathjdutdcktjqecxgh/Build/Products/Debug-iphonesimulator/GoogleUtilities_GoogleUtilities-Network.bundle/Info.plist /Users/aryazaeri/Library/Developer/Xcode/DerivedData/BestBefore_Prototype_IOS-gbnddpnjsvathjdutdcktjqecxgh/Build/Intermediates.noindex/GoogleUtilities.build/Debug-iphonesimulator/GoogleUtilities_GoogleUtilities-Network.build/empty-GoogleUtilities_GoogleUtilities-Network.plist (in target 'GoogleUtilities_GoogleUtilities-Network' from project 'GoogleUtilities')
    cd /Users/aryazaeri/Library/Developer/Xcode/DerivedData/BestBefore_Prototype_IOS-gbnddpnjsvathjdutdcktjqecxgh/SourcePackages/checkouts/GoogleUtilities
    builtin-infoPlistUtility /Users/aryazaeri/Library/Developer/Xcode/DerivedData/BestBefore_Prototype_IOS-gbnddpnjsvathjdutdcktjqecxgh/Build/Intermediates.noindex/GoogleUtilities.build/Debug-iphonesimulator/GoogleUtilities_GoogleUtilities-Network.build/empty-GoogleUtilities_GoogleUtilities-Network.plist -producttype com.apple.product-type.bundle -expandbuildsettings -format binary -platform iphonesimulator -o /Users/aryazaeri/Library/Developer/Xcode/DerivedData/BestBefore_Prototype_IOS-gbnddpnjsvathjdutdcktjqecxgh/Build/Products/Debug-iphonesimulator/GoogleUtilities_GoogleUtilities-Network.bundle/Info.plist

ProcessInfoPlistFile /Users/aryazaeri/Library/Developer/Xcode/DerivedData/BestBefore_Prototype_IOS-gbnddpnjsvathjdutdcktjqecxgh/Build/Products/Debug-iphonesimulator/GTMSessionFetcher_GTMSessionFetcherCore.bundle/Info.plist /Users/aryazaeri/Library/Developer/Xcode/DerivedData/BestBefore_Prototype_IOS-gbnddpnjsvathjdutdcktjqecxgh/Build/Intermediates.noindex/GTMSessionFetcher.build/Debug-iphonesimulator/GTMSessionFetcher_GTMSessionFetcherCore.build/empty-GTMSessionFetcher_GTMSessionFetcherCore.plist (in target 'GTMSessionFetcher_GTMSessionFetcherCore' from project 'GTMSessionFetcher')
    cd /Users/aryazaeri/Library/Developer/Xcode/DerivedData/BestBefore_Prototype_IOS-gbnddpnjsvathjdutdcktjqecxgh/SourcePackages/checkouts/gtm-session-fetcher
    builtin-infoPlistUtility /Users/aryazaeri/Library/Developer/Xcode/DerivedData/BestBefore_Prototype_IOS-gbnddpnjsvathjdutdcktjqecxgh/Build/Intermediates.noindex/GTMSessionFetcher.build/Debug-iphonesimulator/GTMSessionFetcher_GTMSessionFetcherCore.build/empty-GTMSessionFetcher_GTMSessionFetcherCore.plist -producttype com.apple.product-type.bundle -expandbuildsettings -format binary -platform iphonesimulator -o /Users/aryazaeri/Library/Developer/Xcode/DerivedData/BestBefore_Prototype_IOS-gbnddpnjsvathjdutdcktjqecxgh/Build/Products/Debug-iphonesimulator/GTMSessionFetcher_GTMSessionFetcherCore.bundle/Info.plist

ProcessInfoPlistFile /Users/aryazaeri/Library/Developer/Xcode/DerivedData/BestBefore_Prototype_IOS-gbnddpnjsvathjdutdcktjqecxgh/Build/Products/Debug-iphonesimulator/Firebase_FirebaseCoreInternal.bundle/Info.plist /Users/aryazaeri/Library/Developer/Xcode/DerivedData/BestBefore_Prototype_IOS-gbnddpnjsvathjdutdcktjqecxgh/Build/Intermediates.noindex/Firebase.build/Debug-iphonesimulator/Firebase_FirebaseCoreInternal.build/empty-Firebase_FirebaseCoreInternal.plist (in target 'Firebase_FirebaseCoreInternal' from project 'Firebase')
    cd /Users/aryazaeri/Library/Developer/Xcode/DerivedData/BestBefore_Prototype_IOS-gbnddpnjsvathjdutdcktjqecxgh/SourcePackages/checkouts/firebase-ios-sdk
    builtin-infoPlistUtility /Users/aryazaeri/Library/Developer/Xcode/DerivedData/BestBefore_Prototype_IOS-gbnddpnjsvathjdutdcktjqecxgh/Build/Intermediates.noindex/Firebase.build/Debug-iphonesimulator/Firebase_FirebaseCoreInternal.build/empty-Firebase_FirebaseCoreInternal.plist -producttype com.apple.product-type.bundle -expandbuildsettings -format binary -platform iphonesimulator -o /Users/aryazaeri/Library/Developer/Xcode/DerivedData/BestBefore_Prototype_IOS-gbnddpnjsvathjdutdcktjqecxgh/Build/Products/Debug-iphonesimulator/Firebase_FirebaseCoreInternal.bundle/Info.plist

ProcessInfoPlistFile /Users/aryazaeri/Library/Developer/Xcode/DerivedData/BestBefore_Prototype_IOS-gbnddpnjsvathjdutdcktjqecxgh/Build/Products/Debug-iphonesimulator/Firebase_FirebaseCore.bundle/Info.plist /Users/aryazaeri/Library/Developer/Xcode/DerivedData/BestBefore_Prototype_IOS-gbnddpnjsvathjdutdcktjqecxgh/Build/Intermediates.noindex/Firebase.build/Debug-iphonesimulator/Firebase_FirebaseCore.build/empty-Firebase_FirebaseCore.plist (in target 'Firebase_FirebaseCore' from project 'Firebase')
    cd /Users/aryazaeri/Library/Developer/Xcode/DerivedData/BestBefore_Prototype_IOS-gbnddpnjsvathjdutdcktjqecxgh/SourcePackages/checkouts/firebase-ios-sdk
    builtin-infoPlistUtility /Users/aryazaeri/Library/Developer/Xcode/DerivedData/BestBefore_Prototype_IOS-gbnddpnjsvathjdutdcktjqecxgh/Build/Intermediates.noindex/Firebase.build/Debug-iphonesimulator/Firebase_FirebaseCore.build/empty-Firebase_FirebaseCore.plist -producttype com.apple.product-type.bundle -expandbuildsettings -format binary -platform iphonesimulator -o /Users/aryazaeri/Library/Developer/Xcode/DerivedData/BestBefore_Prototype_IOS-gbnddpnjsvathjdutdcktjqecxgh/Build/Products/Debug-iphonesimulator/Firebase_FirebaseCore.bundle/Info.plist

ProcessInfoPlistFile /Users/aryazaeri/Library/Developer/Xcode/DerivedData/BestBefore_Prototype_IOS-gbnddpnjsvathjdutdcktjqecxgh/Build/Products/Debug-iphonesimulator/BestBefore_Prototype_IOS.app/Info.plist /Users/aryazaeri/Library/Developer/Xcode/DerivedData/BestBefore_Prototype_IOS-gbnddpnjsvathjdutdcktjqecxgh/Build/Intermediates.noindex/BestBefore_Prototype_IOS.build/Debug-iphonesimulator/BestBefore_Prototype_IOS.build/empty-BestBefore_Prototype_IOS.plist (in target 'BestBefore_Prototype_IOS' from project 'BestBefore_Prototype_IOS')
    cd /Users/aryazaeri/Desktop/BestBefore/BestBefore_V2/ios/BestBefore_Prototype_IOS
    builtin-infoPlistUtility /Users/aryazaeri/Library/Developer/Xcode/DerivedData/BestBefore_Prototype_IOS-gbnddpnjsvathjdutdcktjqecxgh/Build/Intermediates.noindex/BestBefore_Prototype_IOS.build/Debug-iphonesimulator/BestBefore_Prototype_IOS.build/empty-BestBefore_Prototype_IOS.plist -producttype com.apple.product-type.application -genpkginfo /Users/aryazaeri/Library/Developer/Xcode/DerivedData/BestBefore_Prototype_IOS-gbnddpnjsvathjdutdcktjqecxgh/Build/Products/Debug-iphonesimulator/BestBefore_Prototype_IOS.app/PkgInfo -expandbuildsettings -format binary -platform iphonesimulator -additionalcontentfile /Users/aryazaeri/Library/Developer/Xcode/DerivedData/BestBefore_Prototype_IOS-gbnddpnjsvathjdutdcktjqecxgh/Build/Intermediates.noindex/BestBefore_Prototype_IOS.build/Debug-iphonesimulator/BestBefore_Prototype_IOS.build/assetcatalog_generated_info.plist -scanforprivacyfile /Users/aryazaeri/Library/Developer/Xcode/DerivedData/BestBefore_Prototype_IOS-gbnddpnjsvathjdutdcktjqecxgh/Build/Products/Debug-iphonesimulator/BestBefore_Prototype_IOS.app/Firebase_FirebaseAuth.bundle -scanforprivacyfile /Users/aryazaeri/Library/Developer/Xcode/DerivedData/BestBefore_Prototype_IOS-gbnddpnjsvathjdutdcktjqecxgh/Build/Products/Debug-iphonesimulator/BestBefore_Prototype_IOS.app/Firebase_FirebaseCore.bundle -scanforprivacyfile /Users/aryazaeri/Library/Developer/Xcode/DerivedData/BestBefore_Prototype_IOS-gbnddpnjsvathjdutdcktjqecxgh/Build/Products/Debug-iphonesimulator/BestBefore_Prototype_IOS.app/Firebase_FirebaseCoreExtension.bundle -scanforprivacyfile /Users/aryazaeri/Library/Developer/Xcode/DerivedData/BestBefore_Prototype_IOS-gbnddpnjsvathjdutdcktjqecxgh/Build/Products/Debug-iphonesimulator/BestBefore_Prototype_IOS.app/Firebase_FirebaseCoreInternal.bundle -scanforprivacyfile /Users/aryazaeri/Library/Developer/Xcode/DerivedData/BestBefore_Prototype_IOS-gbnddpnjsvathjdutdcktjqecxgh/Build/Products/Debug-iphonesimulator/BestBefore_Prototype_IOS.app/Frameworks/RiveRuntime.framework -scanforprivacyfile /Users/aryazaeri/Library/Developer/Xcode/DerivedData/BestBefore_Prototype_IOS-gbnddpnjsvathjdutdcktjqecxgh/Build/Products/Debug-iphonesimulator/BestBefore_Prototype_IOS.app/GTMSessionFetcher_GTMSessionFetcherCore.bundle -scanforprivacyfile /Users/aryazaeri/Library/Developer/Xcode/DerivedData/BestBefore_Prototype_IOS-gbnddpnjsvathjdutdcktjqecxgh/Build/Products/Debug-iphonesimulator/BestBefore_Prototype_IOS.app/GoogleUtilities_GoogleUtilities-AppDelegateSwizzler.bundle -scanforprivacyfile /Users/aryazaeri/Library/Developer/Xcode/DerivedData/BestBefore_Prototype_IOS-gbnddpnjsvathjdutdcktjqecxgh/Build/Products/Debug-iphonesimulator/BestBefore_Prototype_IOS.app/GoogleUtilities_GoogleUtilities-Environment.bundle -scanforprivacyfile /Users/aryazaeri/Library/Developer/Xcode/DerivedData/BestBefore_Prototype_IOS-gbnddpnjsvathjdutdcktjqecxgh/Build/Products/Debug-iphonesimulator/BestBefore_Prototype_IOS.app/GoogleUtilities_GoogleUtilities-Logger.bundle -scanforprivacyfile /Users/aryazaeri/Library/Developer/Xcode/DerivedData/BestBefore_Prototype_IOS-gbnddpnjsvathjdutdcktjqecxgh/Build/Products/Debug-iphonesimulator/BestBefore_Prototype_IOS.app/GoogleUtilities_GoogleUtilities-NSData.bundle -scanforprivacyfile /Users/aryazaeri/Library/Developer/Xcode/DerivedData/BestBefore_Prototype_IOS-gbnddpnjsvathjdutdcktjqecxgh/Build/Products/Debug-iphonesimulator/BestBefore_Prototype_IOS.app/GoogleUtilities_GoogleUtilities-Network.bundle -scanforprivacyfile /Users/aryazaeri/Library/Developer/Xcode/DerivedData/BestBefore_Prototype_IOS-gbnddpnjsvathjdutdcktjqecxgh/Build/Products/Debug-iphonesimulator/BestBefore_Prototype_IOS.app/GoogleUtilities_GoogleUtilities-Reachability.bundle -scanforprivacyfile /Users/aryazaeri/Library/Developer/Xcode/DerivedData/BestBefore_Prototype_IOS-gbnddpnjsvathjdutdcktjqecxgh/Build/Products/Debug-iphonesimulator/BestBefore_Prototype_IOS.app/Pow_Pow.bundle -o /Users/aryazaeri/Library/Developer/Xcode/DerivedData/BestBefore_Prototype_IOS-gbnddpnjsvathjdutdcktjqecxgh/Build/Products/Debug-iphonesimulator/BestBefore_Prototype_IOS.app/Info.plist

** BUILD SUCCEEDED **

