Command line invocation:
    /Applications/Xcode.app/Contents/Developer/usr/bin/xcodebuild -scheme BestBefore_Prototype_IOS -destination "platform=iOS Simulator,name=iPhone 17" -configuration Debug build

Resolve Package Graph


Resolved source packages:
  AppCheck: https://github.com/google/app-check.git @ 11.2.0
  GoogleDataTransport: https://github.com/google/GoogleDataTransport.git @ 10.1.0
  GoogleUtilities: https://github.com/google/GoogleUtilities.git @ 8.1.0
  InteropForGoogle: https://github.com/google/interop-ios-for-google-sdks.git @ 101.0.0
  GoogleAdsOnDeviceConversion: https://github.com/googleads/google-ads-on-device-conversion-ios-sdk @ 3.2.0
  leveldb: https://github.com/firebase/leveldb.git @ 1.22.5
  gRPC: https://github.com/google/grpc-binary.git @ 1.69.1
  abseil: https://github.com/google/abseil-cpp-binary.git @ 1.2024072200.0
  nanopb: https://github.com/firebase/nanopb.git @ 2.30910.0
  Firebase: https://github.com/firebase/firebase-ios-sdk @ 12.8.0
  Promises: https://github.com/google/promises.git @ 2.4.0
  GTMSessionFetcher: https://github.com/google/gtm-session-fetcher.git @ 5.0.0
  RiveRuntime: https://github.com/rive-app/rive-ios @ 6.13.0
  GoogleAppMeasurement: https://github.com/google/GoogleAppMeasurement.git @ 12.8.0

2026-04-06 07:30:41.893 xcodebuild[63124:1811488] [MT] IDERunDestination: Supported platforms for the buildables in the current scheme is empty.
ComputePackagePrebuildTargetDependencyGraph

Prepare packages

CreateBuildRequest

SendProjectDescription

CreateBuildOperation

ComputeTargetDependencyGraph
note: Building targets in dependency order
note: Target dependency graph (55 targets)
    Target 'BestBefore_Prototype_IOS' in project 'BestBefore_Prototype_IOS'
        ➜ Explicit dependency on target 'FirebaseMessaging' in project 'Firebase'
        ➜ Explicit dependency on target 'FirebaseAuth' in project 'Firebase'
        ➜ Explicit dependency on target 'RiveRuntime' in project 'RiveRuntime'
    Target 'RiveRuntime' in project 'RiveRuntime' (no dependencies)
    Target 'FirebaseAuth' in project 'Firebase'
        ➜ Explicit dependency on target 'FirebaseAuth' in project 'Firebase'
        ➜ Explicit dependency on target 'Firebase_FirebaseAuth' in project 'Firebase'
        ➜ Explicit dependency on target 'FirebaseAppCheckInterop' in project 'Firebase'
        ➜ Explicit dependency on target 'FirebaseAuthInterop' in project 'Firebase'
        ➜ Explicit dependency on target 'FirebaseAuthInternal' in project 'Firebase'
        ➜ Explicit dependency on target 'Firebase' in project 'Firebase'
        ➜ Explicit dependency on target 'FirebaseCoreInternal' in project 'Firebase'
        ➜ Explicit dependency on target 'FirebaseCore' in project 'Firebase'
        ➜ Explicit dependency on target 'FirebaseCoreExtension' in project 'Firebase'
        ➜ Explicit dependency on target 'RecaptchaInterop' in project 'InteropForGoogle'
        ➜ Explicit dependency on target 'GULNSData' in project 'GoogleUtilities'
        ➜ Explicit dependency on target 'GULEnvironment' in project 'GoogleUtilities'
        ➜ Explicit dependency on target 'GULLogger' in project 'GoogleUtilities'
        ➜ Explicit dependency on target 'GULAppDelegateSwizzler' in project 'GoogleUtilities'
        ➜ Explicit dependency on target 'GTMSessionFetcherCore' in project 'GTMSessionFetcher'
    Target 'FirebaseAuth' in project 'Firebase'
        ➜ Explicit dependency on target 'Firebase_FirebaseAuth' in project 'Firebase'
        ➜ Explicit dependency on target 'FirebaseAppCheckInterop' in project 'Firebase'
        ➜ Explicit dependency on target 'FirebaseAuthInterop' in project 'Firebase'
        ➜ Explicit dependency on target 'FirebaseAuthInternal' in project 'Firebase'
        ➜ Explicit dependency on target 'Firebase' in project 'Firebase'
        ➜ Explicit dependency on target 'FirebaseCoreInternal' in project 'Firebase'
        ➜ Explicit dependency on target 'FirebaseCore' in project 'Firebase'
        ➜ Explicit dependency on target 'FirebaseCoreExtension' in project 'Firebase'
        ➜ Explicit dependency on target 'RecaptchaInterop' in project 'InteropForGoogle'
        ➜ Explicit dependency on target 'GULNSData' in project 'GoogleUtilities'
        ➜ Explicit dependency on target 'GULEnvironment' in project 'GoogleUtilities'
        ➜ Explicit dependency on target 'GULLogger' in project 'GoogleUtilities'
        ➜ Explicit dependency on target 'GULAppDelegateSwizzler' in project 'GoogleUtilities'
        ➜ Explicit dependency on target 'GTMSessionFetcherCore' in project 'GTMSessionFetcher'
    Target 'GTMSessionFetcherCore' in project 'GTMSessionFetcher'
        ➜ Explicit dependency on target 'GTMSessionFetcherCore' in project 'GTMSessionFetcher'
        ➜ Explicit dependency on target 'GTMSessionFetcher_GTMSessionFetcherCore' in project 'GTMSessionFetcher'
    Target 'GTMSessionFetcherCore' in project 'GTMSessionFetcher'
        ➜ Explicit dependency on target 'GTMSessionFetcher_GTMSessionFetcherCore' in project 'GTMSessionFetcher'
    Target 'GTMSessionFetcher_GTMSessionFetcherCore' in project 'GTMSessionFetcher' (no dependencies)
    Target 'FirebaseCoreExtension' in project 'Firebase'
        ➜ Explicit dependency on target 'Firebase_FirebaseCoreExtension' in project 'Firebase'
    Target 'Firebase_FirebaseCoreExtension' in project 'Firebase' (no dependencies)
    Target 'FirebaseAuthInternal' in project 'Firebase'
        ➜ Explicit dependency on target 'RecaptchaInterop' in project 'InteropForGoogle'
    Target 'RecaptchaInterop' in project 'InteropForGoogle'
        ➜ Explicit dependency on target 'RecaptchaInterop' in project 'InteropForGoogle'
    Target 'RecaptchaInterop' in project 'InteropForGoogle' (no dependencies)
    Target 'FirebaseAuthInterop' in project 'Firebase' (no dependencies)
    Target 'FirebaseAppCheckInterop' in project 'Firebase' (no dependencies)
    Target 'Firebase_FirebaseAuth' in project 'Firebase' (no dependencies)
    Target 'FirebaseMessaging' in project 'Firebase'
        ➜ Explicit dependency on target 'FirebaseMessaging' in project 'Firebase'
        ➜ Explicit dependency on target 'Firebase_FirebaseMessaging' in project 'Firebase'
        ➜ Explicit dependency on target 'Firebase' in project 'Firebase'
        ➜ Explicit dependency on target 'FirebaseCoreInternal' in project 'Firebase'
        ➜ Explicit dependency on target 'FirebaseCore' in project 'Firebase'
        ➜ Explicit dependency on target 'FirebaseInstallations' in project 'Firebase'
        ➜ Explicit dependency on target 'GULNSData' in project 'GoogleUtilities'
        ➜ Explicit dependency on target 'GULEnvironment' in project 'GoogleUtilities'
        ➜ Explicit dependency on target 'GULLogger' in project 'GoogleUtilities'
        ➜ Explicit dependency on target 'FBLPromises' in project 'Promises'
        ➜ Explicit dependency on target 'GULUserDefaults' in project 'GoogleUtilities'
        ➜ Explicit dependency on target 'GULAppDelegateSwizzler' in project 'GoogleUtilities'
        ➜ Explicit dependency on target 'GULReachability' in project 'GoogleUtilities'
        ➜ Explicit dependency on target 'GoogleDataTransport' in project 'GoogleDataTransport'
        ➜ Explicit dependency on target 'nanopb' in project 'nanopb'
    Target 'FirebaseMessaging' in project 'Firebase'
        ➜ Explicit dependency on target 'Firebase_FirebaseMessaging' in project 'Firebase'
        ➜ Explicit dependency on target 'Firebase' in project 'Firebase'
        ➜ Explicit dependency on target 'FirebaseCoreInternal' in project 'Firebase'
        ➜ Explicit dependency on target 'FirebaseCore' in project 'Firebase'
        ➜ Explicit dependency on target 'FirebaseInstallations' in project 'Firebase'
        ➜ Explicit dependency on target 'GULNSData' in project 'GoogleUtilities'
        ➜ Explicit dependency on target 'GULEnvironment' in project 'GoogleUtilities'
        ➜ Explicit dependency on target 'GULLogger' in project 'GoogleUtilities'
        ➜ Explicit dependency on target 'FBLPromises' in project 'Promises'
        ➜ Explicit dependency on target 'GULUserDefaults' in project 'GoogleUtilities'
        ➜ Explicit dependency on target 'GULAppDelegateSwizzler' in project 'GoogleUtilities'
        ➜ Explicit dependency on target 'GULReachability' in project 'GoogleUtilities'
        ➜ Explicit dependency on target 'GoogleDataTransport' in project 'GoogleDataTransport'
        ➜ Explicit dependency on target 'nanopb' in project 'nanopb'
    Target 'GoogleDataTransport' in project 'GoogleDataTransport'
        ➜ Explicit dependency on target 'GoogleDataTransport' in project 'GoogleDataTransport'
        ➜ Explicit dependency on target 'GoogleDataTransport_GoogleDataTransport' in project 'GoogleDataTransport'
        ➜ Explicit dependency on target 'nanopb' in project 'nanopb'
        ➜ Explicit dependency on target 'FBLPromises' in project 'Promises'
    Target 'GoogleDataTransport' in project 'GoogleDataTransport'
        ➜ Explicit dependency on target 'GoogleDataTransport_GoogleDataTransport' in project 'GoogleDataTransport'
        ➜ Explicit dependency on target 'nanopb' in project 'nanopb'
        ➜ Explicit dependency on target 'FBLPromises' in project 'Promises'
    Target 'nanopb' in project 'nanopb'
        ➜ Explicit dependency on target 'nanopb' in project 'nanopb'
        ➜ Explicit dependency on target 'nanopb_nanopb' in project 'nanopb'
    Target 'nanopb' in project 'nanopb'
        ➜ Explicit dependency on target 'nanopb_nanopb' in project 'nanopb'
    Target 'nanopb_nanopb' in project 'nanopb' (no dependencies)
    Target 'GoogleDataTransport_GoogleDataTransport' in project 'GoogleDataTransport' (no dependencies)
    Target 'GULReachability' in project 'GoogleUtilities'
        ➜ Explicit dependency on target 'GoogleUtilities-Reachability' in project 'GoogleUtilities'
        ➜ Explicit dependency on target 'GoogleUtilities_GoogleUtilities-Reachability' in project 'GoogleUtilities'
        ➜ Explicit dependency on target 'third-party-IsAppEncrypted' in project 'GoogleUtilities'
        ➜ Explicit dependency on target 'GoogleUtilities-Environment' in project 'GoogleUtilities'
        ➜ Explicit dependency on target 'GoogleUtilities-Logger' in project 'GoogleUtilities'
    Target 'GULAppDelegateSwizzler' in project 'GoogleUtilities'
        ➜ Explicit dependency on target 'GoogleUtilities-AppDelegateSwizzler' in project 'GoogleUtilities'
        ➜ Explicit dependency on target 'GoogleUtilities_GoogleUtilities-AppDelegateSwizzler' in project 'GoogleUtilities'
        ➜ Explicit dependency on target 'third-party-IsAppEncrypted' in project 'GoogleUtilities'
        ➜ Explicit dependency on target 'GoogleUtilities-Environment' in project 'GoogleUtilities'
        ➜ Explicit dependency on target 'GoogleUtilities-Logger' in project 'GoogleUtilities'
        ➜ Explicit dependency on target 'GoogleUtilities-NSData' in project 'GoogleUtilities'
        ➜ Explicit dependency on target 'GoogleUtilities-Reachability' in project 'GoogleUtilities'
        ➜ Explicit dependency on target 'GoogleUtilities-Network' in project 'GoogleUtilities'
    Target 'GoogleUtilities-AppDelegateSwizzler' in project 'GoogleUtilities'
        ➜ Explicit dependency on target 'GoogleUtilities_GoogleUtilities-AppDelegateSwizzler' in project 'GoogleUtilities'
        ➜ Explicit dependency on target 'third-party-IsAppEncrypted' in project 'GoogleUtilities'
        ➜ Explicit dependency on target 'GoogleUtilities-Environment' in project 'GoogleUtilities'
        ➜ Explicit dependency on target 'GoogleUtilities-Logger' in project 'GoogleUtilities'
        ➜ Explicit dependency on target 'GoogleUtilities-NSData' in project 'GoogleUtilities'
        ➜ Explicit dependency on target 'GoogleUtilities-Reachability' in project 'GoogleUtilities'
        ➜ Explicit dependency on target 'GoogleUtilities-Network' in project 'GoogleUtilities'
    Target 'GoogleUtilities-Network' in project 'GoogleUtilities'
        ➜ Explicit dependency on target 'GoogleUtilities_GoogleUtilities-Network' in project 'GoogleUtilities'
        ➜ Explicit dependency on target 'third-party-IsAppEncrypted' in project 'GoogleUtilities'
        ➜ Explicit dependency on target 'GoogleUtilities-Environment' in project 'GoogleUtilities'
        ➜ Explicit dependency on target 'GoogleUtilities-Logger' in project 'GoogleUtilities'
        ➜ Explicit dependency on target 'GoogleUtilities-NSData' in project 'GoogleUtilities'
        ➜ Explicit dependency on target 'GoogleUtilities-Reachability' in project 'GoogleUtilities'
    Target 'GoogleUtilities_GoogleUtilities-Network' in project 'GoogleUtilities' (no dependencies)
    Target 'GoogleUtilities-Reachability' in project 'GoogleUtilities'
        ➜ Explicit dependency on target 'GoogleUtilities_GoogleUtilities-Reachability' in project 'GoogleUtilities'
        ➜ Explicit dependency on target 'third-party-IsAppEncrypted' in project 'GoogleUtilities'
        ➜ Explicit dependency on target 'GoogleUtilities-Environment' in project 'GoogleUtilities'
        ➜ Explicit dependency on target 'GoogleUtilities-Logger' in project 'GoogleUtilities'
    Target 'GoogleUtilities_GoogleUtilities-Reachability' in project 'GoogleUtilities' (no dependencies)
    Target 'GoogleUtilities_GoogleUtilities-AppDelegateSwizzler' in project 'GoogleUtilities' (no dependencies)
    Target 'FirebaseInstallations' in project 'Firebase'
        ➜ Explicit dependency on target 'Firebase_FirebaseInstallations' in project 'Firebase'
        ➜ Explicit dependency on target 'Firebase' in project 'Firebase'
        ➜ Explicit dependency on target 'FirebaseCoreInternal' in project 'Firebase'
        ➜ Explicit dependency on target 'FirebaseCore' in project 'Firebase'
        ➜ Explicit dependency on target 'GULNSData' in project 'GoogleUtilities'
        ➜ Explicit dependency on target 'GULEnvironment' in project 'GoogleUtilities'
        ➜ Explicit dependency on target 'GULLogger' in project 'GoogleUtilities'
        ➜ Explicit dependency on target 'FBLPromises' in project 'Promises'
        ➜ Explicit dependency on target 'GULUserDefaults' in project 'GoogleUtilities'
    Target 'GULUserDefaults' in project 'GoogleUtilities'
        ➜ Explicit dependency on target 'GoogleUtilities-UserDefaults' in project 'GoogleUtilities'
        ➜ Explicit dependency on target 'GoogleUtilities_GoogleUtilities-UserDefaults' in project 'GoogleUtilities'
        ➜ Explicit dependency on target 'third-party-IsAppEncrypted' in project 'GoogleUtilities'
        ➜ Explicit dependency on target 'GoogleUtilities-Environment' in project 'GoogleUtilities'
        ➜ Explicit dependency on target 'GoogleUtilities-Logger' in project 'GoogleUtilities'
    Target 'GoogleUtilities-UserDefaults' in project 'GoogleUtilities'
        ➜ Explicit dependency on target 'GoogleUtilities_GoogleUtilities-UserDefaults' in project 'GoogleUtilities'
        ➜ Explicit dependency on target 'third-party-IsAppEncrypted' in project 'GoogleUtilities'
        ➜ Explicit dependency on target 'GoogleUtilities-Environment' in project 'GoogleUtilities'
        ➜ Explicit dependency on target 'GoogleUtilities-Logger' in project 'GoogleUtilities'
    Target 'GoogleUtilities_GoogleUtilities-UserDefaults' in project 'GoogleUtilities' (no dependencies)
    Target 'FBLPromises' in project 'Promises'
        ➜ Explicit dependency on target 'FBLPromises' in project 'Promises'
        ➜ Explicit dependency on target 'Promises_FBLPromises' in project 'Promises'
    Target 'FBLPromises' in project 'Promises'
        ➜ Explicit dependency on target 'Promises_FBLPromises' in project 'Promises'
    Target 'Promises_FBLPromises' in project 'Promises' (no dependencies)
    Target 'Firebase_FirebaseInstallations' in project 'Firebase' (no dependencies)
    Target 'FirebaseCore' in project 'Firebase'
        ➜ Explicit dependency on target 'Firebase_FirebaseCore' in project 'Firebase'
        ➜ Explicit dependency on target 'Firebase' in project 'Firebase'
        ➜ Explicit dependency on target 'FirebaseCoreInternal' in project 'Firebase'
        ➜ Explicit dependency on target 'GULNSData' in project 'GoogleUtilities'
        ➜ Explicit dependency on target 'GULEnvironment' in project 'GoogleUtilities'
        ➜ Explicit dependency on target 'GULLogger' in project 'GoogleUtilities'
    Target 'GULLogger' in project 'GoogleUtilities'
        ➜ Explicit dependency on target 'GoogleUtilities-Logger' in project 'GoogleUtilities'
        ➜ Explicit dependency on target 'GoogleUtilities_GoogleUtilities-Logger' in project 'GoogleUtilities'
        ➜ Explicit dependency on target 'third-party-IsAppEncrypted' in project 'GoogleUtilities'
        ➜ Explicit dependency on target 'GoogleUtilities-Environment' in project 'GoogleUtilities'
    Target 'GoogleUtilities-Logger' in project 'GoogleUtilities'
        ➜ Explicit dependency on target 'GoogleUtilities_GoogleUtilities-Logger' in project 'GoogleUtilities'
        ➜ Explicit dependency on target 'third-party-IsAppEncrypted' in project 'GoogleUtilities'
        ➜ Explicit dependency on target 'GoogleUtilities-Environment' in project 'GoogleUtilities'
    Target 'GoogleUtilities_GoogleUtilities-Logger' in project 'GoogleUtilities' (no dependencies)
    Target 'GULEnvironment' in project 'GoogleUtilities'
        ➜ Explicit dependency on target 'GoogleUtilities-Environment' in project 'GoogleUtilities'
        ➜ Explicit dependency on target 'GoogleUtilities_GoogleUtilities-Environment' in project 'GoogleUtilities'
        ➜ Explicit dependency on target 'third-party-IsAppEncrypted' in project 'GoogleUtilities'
    Target 'GoogleUtilities-Environment' in project 'GoogleUtilities'
        ➜ Explicit dependency on target 'GoogleUtilities_GoogleUtilities-Environment' in project 'GoogleUtilities'
        ➜ Explicit dependency on target 'third-party-IsAppEncrypted' in project 'GoogleUtilities'
    Target 'third-party-IsAppEncrypted' in project 'GoogleUtilities' (no dependencies)
    Target 'GoogleUtilities_GoogleUtilities-Environment' in project 'GoogleUtilities' (no dependencies)
    Target 'Firebase_FirebaseCore' in project 'Firebase' (no dependencies)
    Target 'FirebaseCoreInternal' in project 'Firebase'
        ➜ Explicit dependency on target 'Firebase_FirebaseCoreInternal' in project 'Firebase'
        ➜ Explicit dependency on target 'GULNSData' in project 'GoogleUtilities'
    Target 'GULNSData' in project 'GoogleUtilities'
        ➜ Explicit dependency on target 'GoogleUtilities-NSData' in project 'GoogleUtilities'
        ➜ Explicit dependency on target 'GoogleUtilities_GoogleUtilities-NSData' in project 'GoogleUtilities'
    Target 'GoogleUtilities-NSData' in project 'GoogleUtilities'
        ➜ Explicit dependency on target 'GoogleUtilities_GoogleUtilities-NSData' in project 'GoogleUtilities'
    Target 'GoogleUtilities_GoogleUtilities-NSData' in project 'GoogleUtilities' (no dependencies)
    Target 'Firebase_FirebaseCoreInternal' in project 'Firebase' (no dependencies)
    Target 'Firebase' in project 'Firebase' (no dependencies)
    Target 'Firebase_FirebaseMessaging' in project 'Firebase' (no dependencies)

GatherProvisioningInputs

CreateBuildDescription

ExecuteExternalTool /Applications/Xcode.app/Contents/Developer/Toolchains/XcodeDefault.xctoolchain/usr/bin/clang -v -E -dM -arch arm64 -isysroot /Applications/Xcode.app/Contents/Developer/Platforms/iPhoneSimulator.platform/Developer/SDKs/iPhoneSimulator26.4.sdk -x objective-c -c /dev/null

ExecuteExternalTool /Applications/Xcode.app/Contents/Developer/Toolchains/XcodeDefault.xctoolchain/usr/bin/swiftc --version

ExecuteExternalTool /Applications/Xcode.app/Contents/Developer/Toolchains/XcodeDefault.xctoolchain/usr/bin/clang -v -E -dM -arch arm64 -isysroot /Applications/Xcode.app/Contents/Developer/Platforms/iPhoneSimulator.platform/Developer/SDKs/iPhoneSimulator26.4.sdk -x c -c /dev/null

ExecuteExternalTool /Applications/Xcode.app/Contents/Developer/Toolchains/XcodeDefault.xctoolchain/usr/bin/clang -v -E -dM -isysroot /Applications/Xcode.app/Contents/Developer/Platforms/iPhoneSimulator.platform/Developer/SDKs/iPhoneSimulator26.4.sdk -x c -c /dev/null

ExecuteExternalTool /Applications/Xcode.app/Contents/Developer/usr/bin/momc --dry-run --action generate --swift-version 5.0 --sdkroot /Applications/Xcode.app/Contents/Developer/Platforms/iPhoneSimulator.platform/Developer/SDKs/iPhoneSimulator26.4.sdk --iphonesimulator-deployment-target 17.0 --module BestBefore_Prototype_IOS /Users/user/Downloads/BestBefore_Prototype_IOS 4/BestBefore_Prototype_IOS/BestBefore_Prototype_IOS.xcdatamodeld /Users/user/Library/Developer/Xcode/DerivedData/BestBefore_Prototype_IOS-gtponiwkrvabdfckstwbtylpgrqh/Build/Intermediates.noindex/BestBefore_Prototype_IOS.build/Debug-iphonesimulator/BestBefore_Prototype_IOS.build/DerivedSources/CoreDataGenerated/BestBefore_Prototype_IOS

ExecuteExternalTool /Applications/Xcode.app/Contents/Developer/usr/bin/actool --print-asset-tag-combinations --output-format xml1 /Users/user/Downloads/BestBefore_Prototype_IOS 4/BestBefore_Prototype_IOS/Assets.xcassets

ExecuteExternalTool /Applications/Xcode.app/Contents/Developer/usr/bin/actool --version --output-format xml1

ExecuteExternalTool /Applications/Xcode.app/Contents/Developer/Toolchains/XcodeDefault.xctoolchain/usr/bin/ld -version_details

Build description signature: e09067895d40843f31de3dfddf1e8d1f
Build description path: /Users/user/Library/Developer/Xcode/DerivedData/BestBefore_Prototype_IOS-gtponiwkrvabdfckstwbtylpgrqh/Build/Intermediates.noindex/XCBuildData/e09067895d40843f31de3dfddf1e8d1f.xcbuilddata
ClangStatCache /Applications/Xcode.app/Contents/Developer/Toolchains/XcodeDefault.xctoolchain/usr/bin/clang-stat-cache /Applications/Xcode.app/Contents/Developer/Platforms/iPhoneSimulator.platform/Developer/SDKs/iPhoneSimulator26.4.sdk /Users/user/Library/Developer/Xcode/DerivedData/SDKStatCaches.noindex/iphonesimulator26.4-23E237-688ef53f1462e2c8f657fdc38a81448f686eebb5dc1d8ecb277353a59184f4aa.sdkstatcache
    cd /Users/user/Downloads/BestBefore_Prototype_IOS\ 4/BestBefore_Prototype_IOS.xcodeproj
    /Applications/Xcode.app/Contents/Developer/Toolchains/XcodeDefault.xctoolchain/usr/bin/clang-stat-cache /Applications/Xcode.app/Contents/Developer/Platforms/iPhoneSimulator.platform/Developer/SDKs/iPhoneSimulator26.4.sdk -o /Users/user/Library/Developer/Xcode/DerivedData/SDKStatCaches.noindex/iphonesimulator26.4-23E237-688ef53f1462e2c8f657fdc38a81448f686eebb5dc1d8ecb277353a59184f4aa.sdkstatcache

ProcessInfoPlistFile /Users/user/Library/Developer/Xcode/DerivedData/BestBefore_Prototype_IOS-gtponiwkrvabdfckstwbtylpgrqh/Build/Products/Debug-iphonesimulator/nanopb_nanopb.bundle/Info.plist /Users/user/Library/Developer/Xcode/DerivedData/BestBefore_Prototype_IOS-gtponiwkrvabdfckstwbtylpgrqh/Build/Intermediates.noindex/nanopb.build/Debug-iphonesimulator/nanopb_nanopb.build/empty-nanopb_nanopb.plist (in target 'nanopb_nanopb' from project 'nanopb')
    cd /Users/user/Library/Developer/Xcode/DerivedData/BestBefore_Prototype_IOS-gtponiwkrvabdfckstwbtylpgrqh/SourcePackages/checkouts/nanopb
    builtin-infoPlistUtility /Users/user/Library/Developer/Xcode/DerivedData/BestBefore_Prototype_IOS-gtponiwkrvabdfckstwbtylpgrqh/Build/Intermediates.noindex/nanopb.build/Debug-iphonesimulator/nanopb_nanopb.build/empty-nanopb_nanopb.plist -producttype com.apple.product-type.bundle -expandbuildsettings -format binary -platform iphonesimulator -o /Users/user/Library/Developer/Xcode/DerivedData/BestBefore_Prototype_IOS-gtponiwkrvabdfckstwbtylpgrqh/Build/Products/Debug-iphonesimulator/nanopb_nanopb.bundle/Info.plist

ProcessInfoPlistFile /Users/user/Library/Developer/Xcode/DerivedData/BestBefore_Prototype_IOS-gtponiwkrvabdfckstwbtylpgrqh/Build/Products/Debug-iphonesimulator/GoogleUtilities_GoogleUtilities-NSData.bundle/Info.plist /Users/user/Library/Developer/Xcode/DerivedData/BestBefore_Prototype_IOS-gtponiwkrvabdfckstwbtylpgrqh/Build/Intermediates.noindex/GoogleUtilities.build/Debug-iphonesimulator/GoogleUtilities_GoogleUtilities-NSData.build/empty-GoogleUtilities_GoogleUtilities-NSData.plist (in target 'GoogleUtilities_GoogleUtilities-NSData' from project 'GoogleUtilities')
    cd /Users/user/Library/Developer/Xcode/DerivedData/BestBefore_Prototype_IOS-gtponiwkrvabdfckstwbtylpgrqh/SourcePackages/checkouts/GoogleUtilities
    builtin-infoPlistUtility /Users/user/Library/Developer/Xcode/DerivedData/BestBefore_Prototype_IOS-gtponiwkrvabdfckstwbtylpgrqh/Build/Intermediates.noindex/GoogleUtilities.build/Debug-iphonesimulator/GoogleUtilities_GoogleUtilities-NSData.build/empty-GoogleUtilities_GoogleUtilities-NSData.plist -producttype com.apple.product-type.bundle -expandbuildsettings -format binary -platform iphonesimulator -o /Users/user/Library/Developer/Xcode/DerivedData/BestBefore_Prototype_IOS-gtponiwkrvabdfckstwbtylpgrqh/Build/Products/Debug-iphonesimulator/GoogleUtilities_GoogleUtilities-NSData.bundle/Info.plist

ProcessInfoPlistFile /Users/user/Library/Developer/Xcode/DerivedData/BestBefore_Prototype_IOS-gtponiwkrvabdfckstwbtylpgrqh/Build/Products/Debug-iphonesimulator/Promises_FBLPromises.bundle/Info.plist /Users/user/Library/Developer/Xcode/DerivedData/BestBefore_Prototype_IOS-gtponiwkrvabdfckstwbtylpgrqh/Build/Intermediates.noindex/Promises.build/Debug-iphonesimulator/Promises_FBLPromises.build/empty-Promises_FBLPromises.plist (in target 'Promises_FBLPromises' from project 'Promises')
    cd /Users/user/Library/Developer/Xcode/DerivedData/BestBefore_Prototype_IOS-gtponiwkrvabdfckstwbtylpgrqh/SourcePackages/checkouts/promises
    builtin-infoPlistUtility /Users/user/Library/Developer/Xcode/DerivedData/BestBefore_Prototype_IOS-gtponiwkrvabdfckstwbtylpgrqh/Build/Intermediates.noindex/Promises.build/Debug-iphonesimulator/Promises_FBLPromises.build/empty-Promises_FBLPromises.plist -producttype com.apple.product-type.bundle -expandbuildsettings -format binary -platform iphonesimulator -o /Users/user/Library/Developer/Xcode/DerivedData/BestBefore_Prototype_IOS-gtponiwkrvabdfckstwbtylpgrqh/Build/Products/Debug-iphonesimulator/Promises_FBLPromises.bundle/Info.plist

ProcessInfoPlistFile /Users/user/Library/Developer/Xcode/DerivedData/BestBefore_Prototype_IOS-gtponiwkrvabdfckstwbtylpgrqh/Build/Products/Debug-iphonesimulator/Firebase_FirebaseCoreExtension.bundle/Info.plist /Users/user/Library/Developer/Xcode/DerivedData/BestBefore_Prototype_IOS-gtponiwkrvabdfckstwbtylpgrqh/Build/Intermediates.noindex/Firebase.build/Debug-iphonesimulator/Firebase_FirebaseCoreExtension.build/empty-Firebase_FirebaseCoreExtension.plist (in target 'Firebase_FirebaseCoreExtension' from project 'Firebase')
    cd /Users/user/Library/Developer/Xcode/DerivedData/BestBefore_Prototype_IOS-gtponiwkrvabdfckstwbtylpgrqh/SourcePackages/checkouts/firebase-ios-sdk
    builtin-infoPlistUtility /Users/user/Library/Developer/Xcode/DerivedData/BestBefore_Prototype_IOS-gtponiwkrvabdfckstwbtylpgrqh/Build/Intermediates.noindex/Firebase.build/Debug-iphonesimulator/Firebase_FirebaseCoreExtension.build/empty-Firebase_FirebaseCoreExtension.plist -producttype com.apple.product-type.bundle -expandbuildsettings -format binary -platform iphonesimulator -o /Users/user/Library/Developer/Xcode/DerivedData/BestBefore_Prototype_IOS-gtponiwkrvabdfckstwbtylpgrqh/Build/Products/Debug-iphonesimulator/Firebase_FirebaseCoreExtension.bundle/Info.plist

ProcessInfoPlistFile /Users/user/Library/Developer/Xcode/DerivedData/BestBefore_Prototype_IOS-gtponiwkrvabdfckstwbtylpgrqh/Build/Products/Debug-iphonesimulator/GTMSessionFetcher_GTMSessionFetcherCore.bundle/Info.plist /Users/user/Library/Developer/Xcode/DerivedData/BestBefore_Prototype_IOS-gtponiwkrvabdfckstwbtylpgrqh/Build/Intermediates.noindex/GTMSessionFetcher.build/Debug-iphonesimulator/GTMSessionFetcher_GTMSessionFetcherCore.build/empty-GTMSessionFetcher_GTMSessionFetcherCore.plist (in target 'GTMSessionFetcher_GTMSessionFetcherCore' from project 'GTMSessionFetcher')
    cd /Users/user/Library/Developer/Xcode/DerivedData/BestBefore_Prototype_IOS-gtponiwkrvabdfckstwbtylpgrqh/SourcePackages/checkouts/gtm-session-fetcher
    builtin-infoPlistUtility /Users/user/Library/Developer/Xcode/DerivedData/BestBefore_Prototype_IOS-gtponiwkrvabdfckstwbtylpgrqh/Build/Intermediates.noindex/GTMSessionFetcher.build/Debug-iphonesimulator/GTMSessionFetcher_GTMSessionFetcherCore.build/empty-GTMSessionFetcher_GTMSessionFetcherCore.plist -producttype com.apple.product-type.bundle -expandbuildsettings -format binary -platform iphonesimulator -o /Users/user/Library/Developer/Xcode/DerivedData/BestBefore_Prototype_IOS-gtponiwkrvabdfckstwbtylpgrqh/Build/Products/Debug-iphonesimulator/GTMSessionFetcher_GTMSessionFetcherCore.bundle/Info.plist

ProcessInfoPlistFile /Users/user/Library/Developer/Xcode/DerivedData/BestBefore_Prototype_IOS-gtponiwkrvabdfckstwbtylpgrqh/Build/Products/Debug-iphonesimulator/GoogleUtilities_GoogleUtilities-Environment.bundle/Info.plist /Users/user/Library/Developer/Xcode/DerivedData/BestBefore_Prototype_IOS-gtponiwkrvabdfckstwbtylpgrqh/Build/Intermediates.noindex/GoogleUtilities.build/Debug-iphonesimulator/GoogleUtilities_GoogleUtilities-Environment.build/empty-GoogleUtilities_GoogleUtilities-Environment.plist (in target 'GoogleUtilities_GoogleUtilities-Environment' from project 'GoogleUtilities')
    cd /Users/user/Library/Developer/Xcode/DerivedData/BestBefore_Prototype_IOS-gtponiwkrvabdfckstwbtylpgrqh/SourcePackages/checkouts/GoogleUtilities
    builtin-infoPlistUtility /Users/user/Library/Developer/Xcode/DerivedData/BestBefore_Prototype_IOS-gtponiwkrvabdfckstwbtylpgrqh/Build/Intermediates.noindex/GoogleUtilities.build/Debug-iphonesimulator/GoogleUtilities_GoogleUtilities-Environment.build/empty-GoogleUtilities_GoogleUtilities-Environment.plist -producttype com.apple.product-type.bundle -expandbuildsettings -format binary -platform iphonesimulator -o /Users/user/Library/Developer/Xcode/DerivedData/BestBefore_Prototype_IOS-gtponiwkrvabdfckstwbtylpgrqh/Build/Products/Debug-iphonesimulator/GoogleUtilities_GoogleUtilities-Environment.bundle/Info.plist

SwiftDriver BestBefore_Prototype_IOS normal arm64 com.apple.xcode.tools.swift.compiler (in target 'BestBefore_Prototype_IOS' from project 'BestBefore_Prototype_IOS')
    cd /Users/user/Downloads/BestBefore_Prototype_IOS\ 4
    builtin-SwiftDriver -- /Applications/Xcode.app/Contents/Developer/Toolchains/XcodeDefault.xctoolchain/usr/bin/swiftc -module-name BestBefore_Prototype_IOS -Onone @/Users/user/Library/Developer/Xcode/DerivedData/BestBefore_Prototype_IOS-gtponiwkrvabdfckstwbtylpgrqh/Build/Intermediates.noindex/BestBefore_Prototype_IOS.build/Debug-iphonesimulator/BestBefore_Prototype_IOS.build/Objects-normal/arm64/BestBefore_Prototype_IOS.SwiftFileList -DDEBUG -Xcc -fmodule-map-file\=/Users/user/Library/Developer/Xcode/DerivedData/BestBefore_Prototype_IOS-gtponiwkrvabdfckstwbtylpgrqh/Build/Intermediates.noindex/GeneratedModuleMaps-iphonesimulator/GoogleUtilities-UserDefaults.modulemap -Xcc -fmodule-map-file\=/Users/user/Library/Developer/Xcode/DerivedData/BestBefore_Prototype_IOS-gtponiwkrvabdfckstwbtylpgrqh/Build/Intermediates.noindex/GeneratedModuleMaps-iphonesimulator/GoogleDataTransport.modulemap -Xcc -fmodule-map-file\=/Users/user/Library/Developer/Xcode/DerivedData/BestBefore_Prototype_IOS-gtponiwkrvabdfckstwbtylpgrqh/Build/Intermediates.noindex/GeneratedModuleMaps-iphonesimulator/nanopb.modulemap -Xcc -fmodule-map-file\=/Users/user/Library/Developer/Xcode/DerivedData/BestBefore_Prototype_IOS-gtponiwkrvabdfckstwbtylpgrqh/Build/Intermediates.noindex/GeneratedModuleMaps-iphonesimulator/FirebaseInstallations.modulemap -Xcc -fmodule-map-file\=/Users/user/Library/Developer/Xcode/DerivedData/BestBefore_Prototype_IOS-gtponiwkrvabdfckstwbtylpgrqh/Build/Intermediates.noindex/GeneratedModuleMaps-iphonesimulator/FirebaseMessaging.modulemap -Xcc -fmodule-map-file\=/Users/user/Library/Developer/Xcode/DerivedData/BestBefore_Prototype_IOS-gtponiwkrvabdfckstwbtylpgrqh/Build/Intermediates.noindex/GeneratedModuleMaps-iphonesimulator/RecaptchaInterop.modulemap -Xcc -fmodule-map-file\=/Users/user/Library/Developer/Xcode/DerivedData/BestBefore_Prototype_IOS-gtponiwkrvabdfckstwbtylpgrqh/Build/Intermediates.noindex/GeneratedModuleMaps-iphonesimulator/GoogleUtilities-Network.modulemap -Xcc -fmodule-map-file\=/Users/user/Library/Developer/Xcode/DerivedData/BestBefore_Prototype_IOS-gtponiwkrvabdfckstwbtylpgrqh/Build/Intermediates.noindex/GeneratedModuleMaps-iphonesimulator/GoogleUtilities-Reachability.modulemap -Xcc -fmodule-map-file\=/Users/user/Library/Developer/Xcode/DerivedData/BestBefore_Prototype_IOS-gtponiwkrvabdfckstwbtylpgrqh/Build/Intermediates.noindex/GeneratedModuleMaps-iphonesimulator/GoogleUtilities-NSData.modulemap -Xcc -fmodule-map-file\=/Users/user/Library/Developer/Xcode/DerivedData/BestBefore_Prototype_IOS-gtponiwkrvabdfckstwbtylpgrqh/Build/Intermediates.noindex/GeneratedModuleMaps-iphonesimulator/GoogleUtilities-Logger.modulemap -Xcc -fmodule-map-file\=/Users/user/Library/Developer/Xcode/DerivedData/BestBefore_Prototype_IOS-gtponiwkrvabdfckstwbtylpgrqh/Build/Intermediates.noindex/GeneratedModuleMaps-iphonesimulator/GoogleUtilities-Environment.modulemap -Xcc -fmodule-map-file\=/Users/user/Library/Developer/Xcode/DerivedData/BestBefore_Prototype_IOS-gtponiwkrvabdfckstwbtylpgrqh/Build/Intermediates.noindex/GeneratedModuleMaps-iphonesimulator/third-party-IsAppEncrypted.modulemap -Xcc -fmodule-map-file\=/Users/user/Library/Developer/Xcode/DerivedData/BestBefore_Prototype_IOS-gtponiwkrvabdfckstwbtylpgrqh/Build/Intermediates.noindex/GeneratedModuleMaps-iphonesimulator/GoogleUtilities-AppDelegateSwizzler.modulemap -Xcc -fmodule-map-file\=/Users/user/Library/Developer/Xcode/DerivedData/BestBefore_Prototype_IOS-gtponiwkrvabdfckstwbtylpgrqh/Build/Intermediates.noindex/GeneratedModuleMaps-iphonesimulator/GTMSessionFetcherCore.modulemap -Xcc -fmodule-map-file\=/Users/user/Library/Developer/Xcode/DerivedData/BestBefore_Prototype_IOS-gtponiwkrvabdfckstwbtylpgrqh/Build/Intermediates.noindex/GeneratedModuleMaps-iphonesimulator/FirebaseCoreExtension.modulemap -Xcc -fmodule-map-file\=/Users/user/Library/Developer/Xcode/DerivedData/BestBefore_Prototype_IOS-gtponiwkrvabdfckstwbtylpgrqh/Build/Intermediates.noindex/GeneratedModuleMaps-iphonesimulator/FirebaseCore.modulemap -Xcc -fmodule-map-file\=/Users/user/Library/Developer/Xcode/DerivedData/BestBefore_Prototype_IOS-gtponiwkrvabdfckstwbtylpgrqh/Build/Intermediates.noindex/GeneratedModuleMaps-iphonesimulator/FirebaseAuthInternal.modulemap -Xcc -fmodule-map-file\=/Users/user/Library/Developer/Xcode/DerivedData/BestBefore_Prototype_IOS-gtponiwkrvabdfckstwbtylpgrqh/Build/Intermediates.noindex/GeneratedModuleMaps-iphonesimulator/FirebaseAuthInterop.modulemap -Xcc -fmodule-map-file\=/Users/user/Library/Developer/Xcode/DerivedData/BestBefore_Prototype_IOS-gtponiwkrvabdfckstwbtylpgrqh/Build/Intermediates.noindex/GeneratedModuleMaps-iphonesimulator/FirebaseAppCheckInterop.modulemap -default-isolation\=MainActor -enable-bare-slash-regex -enable-upcoming-feature DisableOutwardActorInference -enable-upcoming-feature InferSendableFromCaptures -enable-upcoming-feature GlobalActorIsolatedTypesUsability -enable-upcoming-feature MemberImportVisibility -enable-upcoming-feature InferIsolatedConformances -enable-upcoming-feature NonisolatedNonsendingByDefault -enable-experimental-feature DebugDescriptionMacro -sdk /Applications/Xcode.app/Contents/Developer/Platforms/iPhoneSimulator.platform/Developer/SDKs/iPhoneSimulator26.4.sdk -target arm64-apple-ios17.0-simulator -g -module-cache-path /Users/user/Library/Developer/Xcode/DerivedData/ModuleCache.noindex -Xfrontend -serialize-debugging-options -enable-testing -index-store-path /Users/user/Library/Developer/Xcode/DerivedData/BestBefore_Prototype_IOS-gtponiwkrvabdfckstwbtylpgrqh/Index.noindex/DataStore -Xcc -D_LIBCPP_HARDENING_MODE\=_LIBCPP_HARDENING_MODE_DEBUG -swift-version 5 -I /Users/user/Library/Developer/Xcode/DerivedData/BestBefore_Prototype_IOS-gtponiwkrvabdfckstwbtylpgrqh/Build/Products/Debug-iphonesimulator -F /Users/user/Library/Developer/Xcode/DerivedData/BestBefore_Prototype_IOS-gtponiwkrvabdfckstwbtylpgrqh/Build/Products/Debug-iphonesimulator/PackageFrameworks -F /Users/user/Library/Developer/Xcode/DerivedData/BestBefore_Prototype_IOS-gtponiwkrvabdfckstwbtylpgrqh/Build/Products/Debug-iphonesimulator/PackageFrameworks -F /Users/user/Library/Developer/Xcode/DerivedData/BestBefore_Prototype_IOS-gtponiwkrvabdfckstwbtylpgrqh/Build/Products/Debug-iphonesimulator/PackageFrameworks -F /Users/user/Library/Developer/Xcode/DerivedData/BestBefore_Prototype_IOS-gtponiwkrvabdfckstwbtylpgrqh/Build/Products/Debug-iphonesimulator/PackageFrameworks -F /Users/user/Library/Developer/Xcode/DerivedData/BestBefore_Prototype_IOS-gtponiwkrvabdfckstwbtylpgrqh/Build/Products/Debug-iphonesimulator/PackageFrameworks -F /Users/user/Library/Developer/Xcode/DerivedData/BestBefore_Prototype_IOS-gtponiwkrvabdfckstwbtylpgrqh/Build/Products/Debug-iphonesimulator/PackageFrameworks -F /Users/user/Library/Developer/Xcode/DerivedData/BestBefore_Prototype_IOS-gtponiwkrvabdfckstwbtylpgrqh/Build/Products/Debug-iphonesimulator/PackageFrameworks -F /Users/user/Library/Developer/Xcode/DerivedData/BestBefore_Prototype_IOS-gtponiwkrvabdfckstwbtylpgrqh/Build/Products/Debug-iphonesimulator/PackageFrameworks -F /Users/user/Library/Developer/Xcode/DerivedData/BestBefore_Prototype_IOS-gtponiwkrvabdfckstwbtylpgrqh/Build/Products/Debug-iphonesimulator/PackageFrameworks -F /Users/user/Library/Developer/Xcode/DerivedData/BestBefore_Prototype_IOS-gtponiwkrvabdfckstwbtylpgrqh/Build/Products/Debug-iphonesimulator/PackageFrameworks -F /Users/user/Library/Developer/Xcode/DerivedData/BestBefore_Prototype_IOS-gtponiwkrvabdfckstwbtylpgrqh/Build/Products/Debug-iphonesimulator/PackageFrameworks -F /Users/user/Library/Developer/Xcode/DerivedData/BestBefore_Prototype_IOS-gtponiwkrvabdfckstwbtylpgrqh/Build/Products/Debug-iphonesimulator/PackageFrameworks -F /Users/user/Library/Developer/Xcode/DerivedData/BestBefore_Prototype_IOS-gtponiwkrvabdfckstwbtylpgrqh/Build/Products/Debug-iphonesimulator/PackageFrameworks -F /Users/user/Library/Developer/Xcode/DerivedData/BestBefore_Prototype_IOS-gtponiwkrvabdfckstwbtylpgrqh/Build/Products/Debug-iphonesimulator/PackageFrameworks -F /Users/user/Library/Developer/Xcode/DerivedData/BestBefore_Prototype_IOS-gtponiwkrvabdfckstwbtylpgrqh/Build/Products/Debug-iphonesimulator/PackageFrameworks -F /Users/user/Library/Developer/Xcode/DerivedData/BestBefore_Prototype_IOS-gtponiwkrvabdfckstwbtylpgrqh/Build/Products/Debug-iphonesimulator/PackageFrameworks -F /Users/user/Library/Developer/Xcode/DerivedData/BestBefore_Prototype_IOS-gtponiwkrvabdfckstwbtylpgrqh/Build/Products/Debug-iphonesimulator/PackageFrameworks -F /Users/user/Library/Developer/Xcode/DerivedData/BestBefore_Prototype_IOS-gtponiwkrvabdfckstwbtylpgrqh/Build/Products/Debug-iphonesimulator/PackageFrameworks -F /Users/user/Library/Developer/Xcode/DerivedData/BestBefore_Prototype_IOS-gtponiwkrvabdfckstwbtylpgrqh/Build/Products/Debug-iphonesimulator/PackageFrameworks -F /Users/user/Library/Developer/Xcode/DerivedData/BestBefore_Prototype_IOS-gtponiwkrvabdfckstwbtylpgrqh/Build/Products/Debug-iphonesimulator/PackageFrameworks -F /Users/user/Library/Developer/Xcode/DerivedData/BestBefore_Prototype_IOS-gtponiwkrvabdfckstwbtylpgrqh/Build/Products/Debug-iphonesimulator/PackageFrameworks -F /Users/user/Library/Developer/Xcode/DerivedData/BestBefore_Prototype_IOS-gtponiwkrvabdfckstwbtylpgrqh/Build/Products/Debug-iphonesimulator/PackageFrameworks -F /Users/user/Library/Developer/Xcode/DerivedData/BestBefore_Prototype_IOS-gtponiwkrvabdfckstwbtylpgrqh/Build/Products/Debug-iphonesimulator/PackageFrameworks -F /Users/user/Library/Developer/Xcode/DerivedData/BestBefore_Prototype_IOS-gtponiwkrvabdfckstwbtylpgrqh/Build/Products/Debug-iphonesimulator -emit-localized-strings -emit-localized-strings-path /Users/user/Library/Developer/Xcode/DerivedData/BestBefore_Prototype_IOS-gtponiwkrvabdfckstwbtylpgrqh/Build/Intermediates.noindex/BestBefore_Prototype_IOS.build/Debug-iphonesimulator/BestBefore_Prototype_IOS.build/Objects-normal/arm64 -c -j8 -enable-batch-mode -incremental -Xcc -ivfsstatcache -Xcc /Users/user/Library/Developer/Xcode/DerivedData/SDKStatCaches.noindex/iphonesimulator26.4-23E237-688ef53f1462e2c8f657fdc38a81448f686eebb5dc1d8ecb277353a59184f4aa.sdkstatcache -output-file-map /Users/user/Library/Developer/Xcode/DerivedData/BestBefore_Prototype_IOS-gtponiwkrvabdfckstwbtylpgrqh/Build/Intermediates.noindex/BestBefore_Prototype_IOS.build/Debug-iphonesimulator/BestBefore_Prototype_IOS.build/Objects-normal/arm64/BestBefore_Prototype_IOS-OutputFileMap.json -use-frontend-parseable-output -save-temps -no-color-diagnostics -explicit-module-build -module-cache-path /Users/user/Library/Developer/Xcode/DerivedData/BestBefore_Prototype_IOS-gtponiwkrvabdfckstwbtylpgrqh/Build/Intermediates.noindex/SwiftExplicitPrecompiledModules -clang-scanner-module-cache-path /Users/user/Library/Developer/Xcode/DerivedData/ModuleCache.noindex -sdk-module-cache-path /Users/user/Library/Developer/Xcode/DerivedData/ModuleCache.noindex -serialize-diagnostics -emit-dependencies -emit-module -emit-module-path /Users/user/Library/Developer/Xcode/DerivedData/BestBefore_Prototype_IOS-gtponiwkrvabdfckstwbtylpgrqh/Build/Intermediates.noindex/BestBefore_Prototype_IOS.build/Debug-iphonesimulator/BestBefore_Prototype_IOS.build/Objects-normal/arm64/BestBefore_Prototype_IOS.swiftmodule -validate-clang-modules-once -clang-build-session-file /Users/user/Library/Developer/Xcode/DerivedData/ModuleCache.noindex/Session.modulevalidation -Xcc -I/Users/user/Library/Developer/Xcode/DerivedData/BestBefore_Prototype_IOS-gtponiwkrvabdfckstwbtylpgrqh/Build/Intermediates.noindex/BestBefore_Prototype_IOS.build/Debug-iphonesimulator/BestBefore_Prototype_IOS.build/swift-overrides.hmap -emit-const-values -Xfrontend -const-gather-protocols-file -Xfrontend /Users/user/Library/Developer/Xcode/DerivedData/BestBefore_Prototype_IOS-gtponiwkrvabdfckstwbtylpgrqh/Build/Intermediates.noindex/BestBefore_Prototype_IOS.build/Debug-iphonesimulator/BestBefore_Prototype_IOS.build/Objects-normal/arm64/BestBefore_Prototype_IOS_const_extract_protocols.json -Xcc -iquote -Xcc /Users/user/Library/Developer/Xcode/DerivedData/BestBefore_Prototype_IOS-gtponiwkrvabdfckstwbtylpgrqh/Build/Intermediates.noindex/BestBefore_Prototype_IOS.build/Debug-iphonesimulator/BestBefore_Prototype_IOS.build/BestBefore_Prototype_IOS-generated-files.hmap -Xcc -I/Users/user/Library/Developer/Xcode/DerivedData/BestBefore_Prototype_IOS-gtponiwkrvabdfckstwbtylpgrqh/Build/Intermediates.noindex/BestBefore_Prototype_IOS.build/Debug-iphonesimulator/BestBefore_Prototype_IOS.build/BestBefore_Prototype_IOS-own-target-headers.hmap -Xcc -I/Users/user/Library/Developer/Xcode/DerivedData/BestBefore_Prototype_IOS-gtponiwkrvabdfckstwbtylpgrqh/Build/Intermediates.noindex/BestBefore_Prototype_IOS.build/Debug-iphonesimulator/BestBefore_Prototype_IOS.build/BestBefore_Prototype_IOS-all-non-framework-target-headers.hmap -Xcc -ivfsoverlay -Xcc /Users/user/Library/Developer/Xcode/DerivedData/BestBefore_Prototype_IOS-gtponiwkrvabdfckstwbtylpgrqh/Build/Intermediates.noindex/BestBefore_Prototype_IOS.build/Debug-iphonesimulator/BestBefore_Prototype_IOS-0d148ab7edcafde1a52dd57ef23ecfde-VFS-iphonesimulator/all-product-headers.yaml -Xcc -iquote -Xcc /Users/user/Library/Developer/Xcode/DerivedData/BestBefore_Prototype_IOS-gtponiwkrvabdfckstwbtylpgrqh/Build/Intermediates.noindex/BestBefore_Prototype_IOS.build/Debug-iphonesimulator/BestBefore_Prototype_IOS.build/BestBefore_Prototype_IOS-project-headers.hmap -Xcc -I/Users/user/Library/Developer/Xcode/DerivedData/BestBefore_Prototype_IOS-gtponiwkrvabdfckstwbtylpgrqh/SourcePackages/checkouts/promises/Sources/FBLPromises/include -Xcc -I/Users/user/Library/Developer/Xcode/DerivedData/BestBefore_Prototype_IOS-gtponiwkrvabdfckstwbtylpgrqh/SourcePackages/checkouts/GoogleUtilities/GoogleUtilities/UserDefaults/Public -Xcc -I/Users/user/Library/Developer/Xcode/DerivedData/BestBefore_Prototype_IOS-gtponiwkrvabdfckstwbtylpgrqh/SourcePackages/checkouts/GoogleDataTransport/GoogleDataTransport/GDTCORLibrary/Public -Xcc -I/Users/user/Library/Developer/Xcode/DerivedData/BestBefore_Prototype_IOS-gtponiwkrvabdfckstwbtylpgrqh/SourcePackages/checkouts/nanopb/spm_headers -Xcc -I/Users/user/Library/Developer/Xcode/DerivedData/BestBefore_Prototype_IOS-gtponiwkrvabdfckstwbtylpgrqh/SourcePackages/checkouts/firebase-ios-sdk/FirebaseInstallations/Source/Library/Public -Xcc -I/Users/user/Library/Developer/Xcode/DerivedData/BestBefore_Prototype_IOS-gtponiwkrvabdfckstwbtylpgrqh/SourcePackages/checkouts/firebase-ios-sdk/FirebaseMessaging/Sources/Public -Xcc -I/Users/user/Library/Developer/Xcode/DerivedData/BestBefore_Prototype_IOS-gtponiwkrvabdfckstwbtylpgrqh/SourcePackages/checkouts/interop-ios-for-google-sdks/RecaptchaEnterprise/RecaptchaInterop/Public -Xcc -I/Users/user/Library/Developer/Xcode/DerivedData/BestBefore_Prototype_IOS-gtponiwkrvabdfckstwbtylpgrqh/SourcePackages/checkouts/GoogleUtilities/GoogleUtilities/Network/Public -Xcc -I/Users/user/Library/Developer/Xcode/DerivedData/BestBefore_Prototype_IOS-gtponiwkrvabdfckstwbtylpgrqh/SourcePackages/checkouts/GoogleUtilities/GoogleUtilities/Reachability/Public -Xcc -I/Users/user/Library/Developer/Xcode/DerivedData/BestBefore_Prototype_IOS-gtponiwkrvabdfckstwbtylpgrqh/SourcePackages/checkouts/GoogleUtilities/GoogleUtilities/NSData+zlib/Public -Xcc -I/Users/user/Library/Developer/Xcode/DerivedData/BestBefore_Prototype_IOS-gtponiwkrvabdfckstwbtylpgrqh/SourcePackages/checkouts/GoogleUtilities/GoogleUtilities/Logger/Public -Xcc -I/Users/user/Library/Developer/Xcode/DerivedData/BestBefore_Prototype_IOS-gtponiwkrvabdfckstwbtylpgrqh/SourcePackages/checkouts/GoogleUtilities/GoogleUtilities/Environment/Public -Xcc -I/Users/user/Library/Developer/Xcode/DerivedData/BestBefore_Prototype_IOS-gtponiwkrvabdfckstwbtylpgrqh/SourcePackages/checkouts/GoogleUtilities/third_party/IsAppEncrypted/Public -Xcc -I/Users/user/Library/Developer/Xcode/DerivedData/BestBefore_Prototype_IOS-gtponiwkrvabdfckstwbtylpgrqh/SourcePackages/checkouts/GoogleUtilities/GoogleUtilities/AppDelegateSwizzler/Public -Xcc -I/Users/user/Library/Developer/Xcode/DerivedData/BestBefore_Prototype_IOS-gtponiwkrvabdfckstwbtylpgrqh/SourcePackages/checkouts/gtm-session-fetcher/Sources/Core/Public -Xcc -I/Users/user/Library/Developer/Xcode/DerivedData/BestBefore_Prototype_IOS-gtponiwkrvabdfckstwbtylpgrqh/SourcePackages/checkouts/firebase-ios-sdk/FirebaseCore/Extension -Xcc -I/Users/user/Library/Developer/Xcode/DerivedData/BestBefore_Prototype_IOS-gtponiwkrvabdfckstwbtylpgrqh/SourcePackages/checkouts/firebase-ios-sdk/FirebaseCore/Sources/Public -Xcc -I/Users/user/Library/Developer/Xcode/DerivedData/BestBefore_Prototype_IOS-gtponiwkrvabdfckstwbtylpgrqh/SourcePackages/checkouts/firebase-ios-sdk/CoreOnly/Sources -Xcc -I/Users/user/Library/Developer/Xcode/DerivedData/BestBefore_Prototype_IOS-gtponiwkrvabdfckstwbtylpgrqh/SourcePackages/checkouts/firebase-ios-sdk/FirebaseAuth/Sources/Public -Xcc -I/Users/user/Library/Developer/Xcode/DerivedData/BestBefore_Prototype_IOS-gtponiwkrvabdfckstwbtylpgrqh/SourcePackages/checkouts/firebase-ios-sdk/FirebaseAuth/Interop/Public -Xcc -I/Users/user/Library/Developer/Xcode/DerivedData/BestBefore_Prototype_IOS-gtponiwkrvabdfckstwbtylpgrqh/SourcePackages/checkouts/firebase-ios-sdk/FirebaseAppCheck/Interop/Public -Xcc -I/Users/user/Library/Developer/Xcode/DerivedData/BestBefore_Prototype_IOS-gtponiwkrvabdfckstwbtylpgrqh/Build/Products/Debug-iphonesimulator/include -Xcc -I/Users/user/Library/Developer/Xcode/DerivedData/BestBefore_Prototype_IOS-gtponiwkrvabdfckstwbtylpgrqh/Build/Intermediates.noindex/BestBefore_Prototype_IOS.build/Debug-iphonesimulator/BestBefore_Prototype_IOS.build/DerivedSources-normal/arm64 -Xcc -I/Users/user/Library/Developer/Xcode/DerivedData/BestBefore_Prototype_IOS-gtponiwkrvabdfckstwbtylpgrqh/Build/Intermediates.noindex/BestBefore_Prototype_IOS.build/Debug-iphonesimulator/BestBefore_Prototype_IOS.build/DerivedSources/arm64 -Xcc -I/Users/user/Library/Developer/Xcode/DerivedData/BestBefore_Prototype_IOS-gtponiwkrvabdfckstwbtylpgrqh/Build/Intermediates.noindex/BestBefore_Prototype_IOS.build/Debug-iphonesimulator/BestBefore_Prototype_IOS.build/DerivedSources -Xcc -DDEBUG\=1 -emit-objc-header -emit-objc-header-path /Users/user/Library/Developer/Xcode/DerivedData/BestBefore_Prototype_IOS-gtponiwkrvabdfckstwbtylpgrqh/Build/Intermediates.noindex/BestBefore_Prototype_IOS.build/Debug-iphonesimulator/BestBefore_Prototype_IOS.build/Objects-normal/arm64/BestBefore_Prototype_IOS-Swift.h -working-directory /Users/user/Downloads/BestBefore_Prototype_IOS\ 4 -experimental-emit-module-separately -disable-cmo
/Users/user/Downloads/BestBefore_Prototype_IOS 4/BestBefore_Prototype_IOS/HallwayView.swift:201:25: error: expected expression in list of expressions
                        let _ = soundCloudControllers[room.id] ?? {
                        ^
/Users/user/Downloads/BestBefore_Prototype_IOS 4/BestBefore_Prototype_IOS/HallwayView.swift:208:17: error: expected expression
                )
                ^
/Users/user/Downloads/BestBefore_Prototype_IOS 4/BestBefore_Prototype_IOS/HallwayView.swift:289:8: error: consecutive declarations on a line must be separated by ';'
      } else if selectedTab == 0 {
       ^
       ;
/Users/user/Downloads/BestBefore_Prototype_IOS 4/BestBefore_Prototype_IOS/HallwayView.swift:289:9: error: expected declaration
      } else if selectedTab == 0 {
        ^
/Users/user/Downloads/BestBefore_Prototype_IOS 4/BestBefore_Prototype_IOS/HallwayView.swift:4:8: note: in declaration of 'HallwayView'
struct HallwayView: View {
       ^
/Users/user/Downloads/BestBefore_Prototype_IOS 4/BestBefore_Prototype_IOS/HallwayView.swift:360:5: error: expressions are not allowed at the top level
    .onAppear {
    ^
/Users/user/Downloads/BestBefore_Prototype_IOS 4/BestBefore_Prototype_IOS/HallwayView.swift:450:3: error: extraneous '}' at top level
  }
  ^
  
/Users/user/Downloads/BestBefore_Prototype_IOS 4/BestBefore_Prototype_IOS/HallwayView.swift:581:1: error: extraneous '}' at top level
}
^
/Users/user/Downloads/BestBefore_Prototype_IOS 4/BestBefore_Prototype_IOS/HallwayView.swift:812:1: error: extraneous '}' at top level
}
^
/Users/user/Downloads/BestBefore_Prototype_IOS 4/BestBefore_Prototype_IOS/HallwayView.swift:201:25: error: Expected expression in list of expressions
                        let _ = soundCloudControllers[room.id] ?? {
                        ^ (in target 'BestBefore_Prototype_IOS' from project 'BestBefore_Prototype_IOS')
/Users/user/Downloads/BestBefore_Prototype_IOS 4/BestBefore_Prototype_IOS/HallwayView.swift:208:17: error: Expected expression
                )
                ^ (in target 'BestBefore_Prototype_IOS' from project 'BestBefore_Prototype_IOS')
/Users/user/Downloads/BestBefore_Prototype_IOS 4/BestBefore_Prototype_IOS/HallwayView.swift:289:8: error: Consecutive declarations on a line must be separated by ';'
      } else if selectedTab == 0 {
       ^
       ; (in target 'BestBefore_Prototype_IOS' from project 'BestBefore_Prototype_IOS')
/Users/user/Downloads/BestBefore_Prototype_IOS 4/BestBefore_Prototype_IOS/HallwayView.swift:289:9: error: Expected declaration
      } else if selectedTab == 0 {
        ^ (in target 'BestBefore_Prototype_IOS' from project 'BestBefore_Prototype_IOS')
/Users/user/Downloads/BestBefore_Prototype_IOS 4/BestBefore_Prototype_IOS/HallwayView.swift:4:8: note: In declaration of 'HallwayView'
struct HallwayView: View {
       ^ (in target 'BestBefore_Prototype_IOS' from project 'BestBefore_Prototype_IOS')
/Users/user/Downloads/BestBefore_Prototype_IOS 4/BestBefore_Prototype_IOS/HallwayView.swift:360:5: error: Expressions are not allowed at the top level
    .onAppear {
    ^ (in target 'BestBefore_Prototype_IOS' from project 'BestBefore_Prototype_IOS')
/Users/user/Downloads/BestBefore_Prototype_IOS 4/BestBefore_Prototype_IOS/HallwayView.swift:450:3: error: Extraneous '}' at top level
  }
  ^
   (in target 'BestBefore_Prototype_IOS' from project 'BestBefore_Prototype_IOS')
/Users/user/Downloads/BestBefore_Prototype_IOS 4/BestBefore_Prototype_IOS/HallwayView.swift:581:1: error: Extraneous '}' at top level
}
^ (in target 'BestBefore_Prototype_IOS' from project 'BestBefore_Prototype_IOS')
/Users/user/Downloads/BestBefore_Prototype_IOS 4/BestBefore_Prototype_IOS/HallwayView.swift:812:1: error: Extraneous '}' at top level
}
^ (in target 'BestBefore_Prototype_IOS' from project 'BestBefore_Prototype_IOS')

ProcessInfoPlistFile /Users/user/Library/Developer/Xcode/DerivedData/BestBefore_Prototype_IOS-gtponiwkrvabdfckstwbtylpgrqh/Build/Products/Debug-iphonesimulator/GoogleUtilities_GoogleUtilities-Logger.bundle/Info.plist /Users/user/Library/Developer/Xcode/DerivedData/BestBefore_Prototype_IOS-gtponiwkrvabdfckstwbtylpgrqh/Build/Intermediates.noindex/GoogleUtilities.build/Debug-iphonesimulator/GoogleUtilities_GoogleUtilities-Logger.build/empty-GoogleUtilities_GoogleUtilities-Logger.plist (in target 'GoogleUtilities_GoogleUtilities-Logger' from project 'GoogleUtilities')
    cd /Users/user/Library/Developer/Xcode/DerivedData/BestBefore_Prototype_IOS-gtponiwkrvabdfckstwbtylpgrqh/SourcePackages/checkouts/GoogleUtilities
    builtin-infoPlistUtility /Users/user/Library/Developer/Xcode/DerivedData/BestBefore_Prototype_IOS-gtponiwkrvabdfckstwbtylpgrqh/Build/Intermediates.noindex/GoogleUtilities.build/Debug-iphonesimulator/GoogleUtilities_GoogleUtilities-Logger.build/empty-GoogleUtilities_GoogleUtilities-Logger.plist -producttype com.apple.product-type.bundle -expandbuildsettings -format binary -platform iphonesimulator -o /Users/user/Library/Developer/Xcode/DerivedData/BestBefore_Prototype_IOS-gtponiwkrvabdfckstwbtylpgrqh/Build/Products/Debug-iphonesimulator/GoogleUtilities_GoogleUtilities-Logger.bundle/Info.plist

ProcessInfoPlistFile /Users/user/Library/Developer/Xcode/DerivedData/BestBefore_Prototype_IOS-gtponiwkrvabdfckstwbtylpgrqh/Build/Products/Debug-iphonesimulator/GoogleDataTransport_GoogleDataTransport.bundle/Info.plist /Users/user/Library/Developer/Xcode/DerivedData/BestBefore_Prototype_IOS-gtponiwkrvabdfckstwbtylpgrqh/Build/Intermediates.noindex/GoogleDataTransport.build/Debug-iphonesimulator/GoogleDataTransport_GoogleDataTransport.build/empty-GoogleDataTransport_GoogleDataTransport.plist (in target 'GoogleDataTransport_GoogleDataTransport' from project 'GoogleDataTransport')
    cd /Users/user/Library/Developer/Xcode/DerivedData/BestBefore_Prototype_IOS-gtponiwkrvabdfckstwbtylpgrqh/SourcePackages/checkouts/GoogleDataTransport
    builtin-infoPlistUtility /Users/user/Library/Developer/Xcode/DerivedData/BestBefore_Prototype_IOS-gtponiwkrvabdfckstwbtylpgrqh/Build/Intermediates.noindex/GoogleDataTransport.build/Debug-iphonesimulator/GoogleDataTransport_GoogleDataTransport.build/empty-GoogleDataTransport_GoogleDataTransport.plist -producttype com.apple.product-type.bundle -expandbuildsettings -format binary -platform iphonesimulator -o /Users/user/Library/Developer/Xcode/DerivedData/BestBefore_Prototype_IOS-gtponiwkrvabdfckstwbtylpgrqh/Build/Products/Debug-iphonesimulator/GoogleDataTransport_GoogleDataTransport.bundle/Info.plist

ProcessInfoPlistFile /Users/user/Library/Developer/Xcode/DerivedData/BestBefore_Prototype_IOS-gtponiwkrvabdfckstwbtylpgrqh/Build/Products/Debug-iphonesimulator/Firebase_FirebaseCoreInternal.bundle/Info.plist /Users/user/Library/Developer/Xcode/DerivedData/BestBefore_Prototype_IOS-gtponiwkrvabdfckstwbtylpgrqh/Build/Intermediates.noindex/Firebase.build/Debug-iphonesimulator/Firebase_FirebaseCoreInternal.build/empty-Firebase_FirebaseCoreInternal.plist (in target 'Firebase_FirebaseCoreInternal' from project 'Firebase')
    cd /Users/user/Library/Developer/Xcode/DerivedData/BestBefore_Prototype_IOS-gtponiwkrvabdfckstwbtylpgrqh/SourcePackages/checkouts/firebase-ios-sdk
    builtin-infoPlistUtility /Users/user/Library/Developer/Xcode/DerivedData/BestBefore_Prototype_IOS-gtponiwkrvabdfckstwbtylpgrqh/Build/Intermediates.noindex/Firebase.build/Debug-iphonesimulator/Firebase_FirebaseCoreInternal.build/empty-Firebase_FirebaseCoreInternal.plist -producttype com.apple.product-type.bundle -expandbuildsettings -format binary -platform iphonesimulator -o /Users/user/Library/Developer/Xcode/DerivedData/BestBefore_Prototype_IOS-gtponiwkrvabdfckstwbtylpgrqh/Build/Products/Debug-iphonesimulator/Firebase_FirebaseCoreInternal.bundle/Info.plist

ProcessInfoPlistFile /Users/user/Library/Developer/Xcode/DerivedData/BestBefore_Prototype_IOS-gtponiwkrvabdfckstwbtylpgrqh/Build/Products/Debug-iphonesimulator/GoogleUtilities_GoogleUtilities-UserDefaults.bundle/Info.plist /Users/user/Library/Developer/Xcode/DerivedData/BestBefore_Prototype_IOS-gtponiwkrvabdfckstwbtylpgrqh/Build/Intermediates.noindex/GoogleUtilities.build/Debug-iphonesimulator/GoogleUtilities_GoogleUtilities-UserDefaults.build/empty-GoogleUtilities_GoogleUtilities-UserDefaults.plist (in target 'GoogleUtilities_GoogleUtilities-UserDefaults' from project 'GoogleUtilities')
    cd /Users/user/Library/Developer/Xcode/DerivedData/BestBefore_Prototype_IOS-gtponiwkrvabdfckstwbtylpgrqh/SourcePackages/checkouts/GoogleUtilities
    builtin-infoPlistUtility /Users/user/Library/Developer/Xcode/DerivedData/BestBefore_Prototype_IOS-gtponiwkrvabdfckstwbtylpgrqh/Build/Intermediates.noindex/GoogleUtilities.build/Debug-iphonesimulator/GoogleUtilities_GoogleUtilities-UserDefaults.build/empty-GoogleUtilities_GoogleUtilities-UserDefaults.plist -producttype com.apple.product-type.bundle -expandbuildsettings -format binary -platform iphonesimulator -o /Users/user/Library/Developer/Xcode/DerivedData/BestBefore_Prototype_IOS-gtponiwkrvabdfckstwbtylpgrqh/Build/Products/Debug-iphonesimulator/GoogleUtilities_GoogleUtilities-UserDefaults.bundle/Info.plist

ProcessInfoPlistFile /Users/user/Library/Developer/Xcode/DerivedData/BestBefore_Prototype_IOS-gtponiwkrvabdfckstwbtylpgrqh/Build/Products/Debug-iphonesimulator/GoogleUtilities_GoogleUtilities-Reachability.bundle/Info.plist /Users/user/Library/Developer/Xcode/DerivedData/BestBefore_Prototype_IOS-gtponiwkrvabdfckstwbtylpgrqh/Build/Intermediates.noindex/GoogleUtilities.build/Debug-iphonesimulator/GoogleUtilities_GoogleUtilities-Reachability.build/empty-GoogleUtilities_GoogleUtilities-Reachability.plist (in target 'GoogleUtilities_GoogleUtilities-Reachability' from project 'GoogleUtilities')
    cd /Users/user/Library/Developer/Xcode/DerivedData/BestBefore_Prototype_IOS-gtponiwkrvabdfckstwbtylpgrqh/SourcePackages/checkouts/GoogleUtilities
    builtin-infoPlistUtility /Users/user/Library/Developer/Xcode/DerivedData/BestBefore_Prototype_IOS-gtponiwkrvabdfckstwbtylpgrqh/Build/Intermediates.noindex/GoogleUtilities.build/Debug-iphonesimulator/GoogleUtilities_GoogleUtilities-Reachability.build/empty-GoogleUtilities_GoogleUtilities-Reachability.plist -producttype com.apple.product-type.bundle -expandbuildsettings -format binary -platform iphonesimulator -o /Users/user/Library/Developer/Xcode/DerivedData/BestBefore_Prototype_IOS-gtponiwkrvabdfckstwbtylpgrqh/Build/Products/Debug-iphonesimulator/GoogleUtilities_GoogleUtilities-Reachability.bundle/Info.plist

ProcessInfoPlistFile /Users/user/Library/Developer/Xcode/DerivedData/BestBefore_Prototype_IOS-gtponiwkrvabdfckstwbtylpgrqh/Build/Products/Debug-iphonesimulator/Firebase_FirebaseCore.bundle/Info.plist /Users/user/Library/Developer/Xcode/DerivedData/BestBefore_Prototype_IOS-gtponiwkrvabdfckstwbtylpgrqh/Build/Intermediates.noindex/Firebase.build/Debug-iphonesimulator/Firebase_FirebaseCore.build/empty-Firebase_FirebaseCore.plist (in target 'Firebase_FirebaseCore' from project 'Firebase')
    cd /Users/user/Library/Developer/Xcode/DerivedData/BestBefore_Prototype_IOS-gtponiwkrvabdfckstwbtylpgrqh/SourcePackages/checkouts/firebase-ios-sdk
    builtin-infoPlistUtility /Users/user/Library/Developer/Xcode/DerivedData/BestBefore_Prototype_IOS-gtponiwkrvabdfckstwbtylpgrqh/Build/Intermediates.noindex/Firebase.build/Debug-iphonesimulator/Firebase_FirebaseCore.build/empty-Firebase_FirebaseCore.plist -producttype com.apple.product-type.bundle -expandbuildsettings -format binary -platform iphonesimulator -o /Users/user/Library/Developer/Xcode/DerivedData/BestBefore_Prototype_IOS-gtponiwkrvabdfckstwbtylpgrqh/Build/Products/Debug-iphonesimulator/Firebase_FirebaseCore.bundle/Info.plist

ProcessInfoPlistFile /Users/user/Library/Developer/Xcode/DerivedData/BestBefore_Prototype_IOS-gtponiwkrvabdfckstwbtylpgrqh/Build/Products/Debug-iphonesimulator/GoogleUtilities_GoogleUtilities-Network.bundle/Info.plist /Users/user/Library/Developer/Xcode/DerivedData/BestBefore_Prototype_IOS-gtponiwkrvabdfckstwbtylpgrqh/Build/Intermediates.noindex/GoogleUtilities.build/Debug-iphonesimulator/GoogleUtilities_GoogleUtilities-Network.build/empty-GoogleUtilities_GoogleUtilities-Network.plist (in target 'GoogleUtilities_GoogleUtilities-Network' from project 'GoogleUtilities')
    cd /Users/user/Library/Developer/Xcode/DerivedData/BestBefore_Prototype_IOS-gtponiwkrvabdfckstwbtylpgrqh/SourcePackages/checkouts/GoogleUtilities
    builtin-infoPlistUtility /Users/user/Library/Developer/Xcode/DerivedData/BestBefore_Prototype_IOS-gtponiwkrvabdfckstwbtylpgrqh/Build/Intermediates.noindex/GoogleUtilities.build/Debug-iphonesimulator/GoogleUtilities_GoogleUtilities-Network.build/empty-GoogleUtilities_GoogleUtilities-Network.plist -producttype com.apple.product-type.bundle -expandbuildsettings -format binary -platform iphonesimulator -o /Users/user/Library/Developer/Xcode/DerivedData/BestBefore_Prototype_IOS-gtponiwkrvabdfckstwbtylpgrqh/Build/Products/Debug-iphonesimulator/GoogleUtilities_GoogleUtilities-Network.bundle/Info.plist

ProcessInfoPlistFile /Users/user/Library/Developer/Xcode/DerivedData/BestBefore_Prototype_IOS-gtponiwkrvabdfckstwbtylpgrqh/Build/Products/Debug-iphonesimulator/Firebase_FirebaseInstallations.bundle/Info.plist /Users/user/Library/Developer/Xcode/DerivedData/BestBefore_Prototype_IOS-gtponiwkrvabdfckstwbtylpgrqh/Build/Intermediates.noindex/Firebase.build/Debug-iphonesimulator/Firebase_FirebaseInstallations.build/empty-Firebase_FirebaseInstallations.plist (in target 'Firebase_FirebaseInstallations' from project 'Firebase')
    cd /Users/user/Library/Developer/Xcode/DerivedData/BestBefore_Prototype_IOS-gtponiwkrvabdfckstwbtylpgrqh/SourcePackages/checkouts/firebase-ios-sdk
    builtin-infoPlistUtility /Users/user/Library/Developer/Xcode/DerivedData/BestBefore_Prototype_IOS-gtponiwkrvabdfckstwbtylpgrqh/Build/Intermediates.noindex/Firebase.build/Debug-iphonesimulator/Firebase_FirebaseInstallations.build/empty-Firebase_FirebaseInstallations.plist -producttype com.apple.product-type.bundle -expandbuildsettings -format binary -platform iphonesimulator -o /Users/user/Library/Developer/Xcode/DerivedData/BestBefore_Prototype_IOS-gtponiwkrvabdfckstwbtylpgrqh/Build/Products/Debug-iphonesimulator/Firebase_FirebaseInstallations.bundle/Info.plist

ProcessInfoPlistFile /Users/user/Library/Developer/Xcode/DerivedData/BestBefore_Prototype_IOS-gtponiwkrvabdfckstwbtylpgrqh/Build/Products/Debug-iphonesimulator/GoogleUtilities_GoogleUtilities-AppDelegateSwizzler.bundle/Info.plist /Users/user/Library/Developer/Xcode/DerivedData/BestBefore_Prototype_IOS-gtponiwkrvabdfckstwbtylpgrqh/Build/Intermediates.noindex/GoogleUtilities.build/Debug-iphonesimulator/GoogleUtilities_GoogleUtilities-AppDelegateSwizzler.build/empty-GoogleUtilities_GoogleUtilities-AppDelegateSwizzler.plist (in target 'GoogleUtilities_GoogleUtilities-AppDelegateSwizzler' from project 'GoogleUtilities')
    cd /Users/user/Library/Developer/Xcode/DerivedData/BestBefore_Prototype_IOS-gtponiwkrvabdfckstwbtylpgrqh/SourcePackages/checkouts/GoogleUtilities
    builtin-infoPlistUtility /Users/user/Library/Developer/Xcode/DerivedData/BestBefore_Prototype_IOS-gtponiwkrvabdfckstwbtylpgrqh/Build/Intermediates.noindex/GoogleUtilities.build/Debug-iphonesimulator/GoogleUtilities_GoogleUtilities-AppDelegateSwizzler.build/empty-GoogleUtilities_GoogleUtilities-AppDelegateSwizzler.plist -producttype com.apple.product-type.bundle -expandbuildsettings -format binary -platform iphonesimulator -o /Users/user/Library/Developer/Xcode/DerivedData/BestBefore_Prototype_IOS-gtponiwkrvabdfckstwbtylpgrqh/Build/Products/Debug-iphonesimulator/GoogleUtilities_GoogleUtilities-AppDelegateSwizzler.bundle/Info.plist

ProcessInfoPlistFile /Users/user/Library/Developer/Xcode/DerivedData/BestBefore_Prototype_IOS-gtponiwkrvabdfckstwbtylpgrqh/Build/Products/Debug-iphonesimulator/Firebase_FirebaseAuth.bundle/Info.plist /Users/user/Library/Developer/Xcode/DerivedData/BestBefore_Prototype_IOS-gtponiwkrvabdfckstwbtylpgrqh/Build/Intermediates.noindex/Firebase.build/Debug-iphonesimulator/Firebase_FirebaseAuth.build/empty-Firebase_FirebaseAuth.plist (in target 'Firebase_FirebaseAuth' from project 'Firebase')
    cd /Users/user/Library/Developer/Xcode/DerivedData/BestBefore_Prototype_IOS-gtponiwkrvabdfckstwbtylpgrqh/SourcePackages/checkouts/firebase-ios-sdk
    builtin-infoPlistUtility /Users/user/Library/Developer/Xcode/DerivedData/BestBefore_Prototype_IOS-gtponiwkrvabdfckstwbtylpgrqh/Build/Intermediates.noindex/Firebase.build/Debug-iphonesimulator/Firebase_FirebaseAuth.build/empty-Firebase_FirebaseAuth.plist -producttype com.apple.product-type.bundle -expandbuildsettings -format binary -platform iphonesimulator -o /Users/user/Library/Developer/Xcode/DerivedData/BestBefore_Prototype_IOS-gtponiwkrvabdfckstwbtylpgrqh/Build/Products/Debug-iphonesimulator/Firebase_FirebaseAuth.bundle/Info.plist

ProcessInfoPlistFile /Users/user/Library/Developer/Xcode/DerivedData/BestBefore_Prototype_IOS-gtponiwkrvabdfckstwbtylpgrqh/Build/Products/Debug-iphonesimulator/Firebase_FirebaseMessaging.bundle/Info.plist /Users/user/Library/Developer/Xcode/DerivedData/BestBefore_Prototype_IOS-gtponiwkrvabdfckstwbtylpgrqh/Build/Intermediates.noindex/Firebase.build/Debug-iphonesimulator/Firebase_FirebaseMessaging.build/empty-Firebase_FirebaseMessaging.plist (in target 'Firebase_FirebaseMessaging' from project 'Firebase')
    cd /Users/user/Library/Developer/Xcode/DerivedData/BestBefore_Prototype_IOS-gtponiwkrvabdfckstwbtylpgrqh/SourcePackages/checkouts/firebase-ios-sdk
    builtin-infoPlistUtility /Users/user/Library/Developer/Xcode/DerivedData/BestBefore_Prototype_IOS-gtponiwkrvabdfckstwbtylpgrqh/Build/Intermediates.noindex/Firebase.build/Debug-iphonesimulator/Firebase_FirebaseMessaging.build/empty-Firebase_FirebaseMessaging.plist -producttype com.apple.product-type.bundle -expandbuildsettings -format binary -platform iphonesimulator -o /Users/user/Library/Developer/Xcode/DerivedData/BestBefore_Prototype_IOS-gtponiwkrvabdfckstwbtylpgrqh/Build/Products/Debug-iphonesimulator/Firebase_FirebaseMessaging.bundle/Info.plist

ProcessInfoPlistFile /Users/user/Library/Developer/Xcode/DerivedData/BestBefore_Prototype_IOS-gtponiwkrvabdfckstwbtylpgrqh/Build/Products/Debug-iphonesimulator/BestBefore_Prototype_IOS.app/Info.plist /Users/user/Downloads/BestBefore_Prototype_IOS\ 4/BestBefore-Prototype-IOS-Info.plist (in target 'BestBefore_Prototype_IOS' from project 'BestBefore_Prototype_IOS')
    cd /Users/user/Downloads/BestBefore_Prototype_IOS\ 4
    builtin-infoPlistUtility /Users/user/Downloads/BestBefore_Prototype_IOS\ 4/BestBefore-Prototype-IOS-Info.plist -producttype com.apple.product-type.application -genpkginfo /Users/user/Library/Developer/Xcode/DerivedData/BestBefore_Prototype_IOS-gtponiwkrvabdfckstwbtylpgrqh/Build/Products/Debug-iphonesimulator/BestBefore_Prototype_IOS.app/PkgInfo -expandbuildsettings -format binary -platform iphonesimulator -additionalcontentfile /Users/user/Library/Developer/Xcode/DerivedData/BestBefore_Prototype_IOS-gtponiwkrvabdfckstwbtylpgrqh/Build/Intermediates.noindex/BestBefore_Prototype_IOS.build/Debug-iphonesimulator/BestBefore_Prototype_IOS.build/assetcatalog_generated_info.plist -scanforprivacyfile /Users/user/Library/Developer/Xcode/DerivedData/BestBefore_Prototype_IOS-gtponiwkrvabdfckstwbtylpgrqh/Build/Products/Debug-iphonesimulator/BestBefore_Prototype_IOS.app/Firebase_FirebaseAuth.bundle -scanforprivacyfile /Users/user/Library/Developer/Xcode/DerivedData/BestBefore_Prototype_IOS-gtponiwkrvabdfckstwbtylpgrqh/Build/Products/Debug-iphonesimulator/BestBefore_Prototype_IOS.app/Firebase_FirebaseCore.bundle -scanforprivacyfile /Users/user/Library/Developer/Xcode/DerivedData/BestBefore_Prototype_IOS-gtponiwkrvabdfckstwbtylpgrqh/Build/Products/Debug-iphonesimulator/BestBefore_Prototype_IOS.app/Firebase_FirebaseCoreExtension.bundle -scanforprivacyfile /Users/user/Library/Developer/Xcode/DerivedData/BestBefore_Prototype_IOS-gtponiwkrvabdfckstwbtylpgrqh/Build/Products/Debug-iphonesimulator/BestBefore_Prototype_IOS.app/Firebase_FirebaseCoreInternal.bundle -scanforprivacyfile /Users/user/Library/Developer/Xcode/DerivedData/BestBefore_Prototype_IOS-gtponiwkrvabdfckstwbtylpgrqh/Build/Products/Debug-iphonesimulator/BestBefore_Prototype_IOS.app/Firebase_FirebaseInstallations.bundle -scanforprivacyfile /Users/user/Library/Developer/Xcode/DerivedData/BestBefore_Prototype_IOS-gtponiwkrvabdfckstwbtylpgrqh/Build/Products/Debug-iphonesimulator/BestBefore_Prototype_IOS.app/Firebase_FirebaseMessaging.bundle -scanforprivacyfile /Users/user/Library/Developer/Xcode/DerivedData/BestBefore_Prototype_IOS-gtponiwkrvabdfckstwbtylpgrqh/Build/Products/Debug-iphonesimulator/BestBefore_Prototype_IOS.app/Frameworks/RiveRuntime.framework -scanforprivacyfile /Users/user/Library/Developer/Xcode/DerivedData/BestBefore_Prototype_IOS-gtponiwkrvabdfckstwbtylpgrqh/Build/Products/Debug-iphonesimulator/BestBefore_Prototype_IOS.app/GTMSessionFetcher_GTMSessionFetcherCore.bundle -scanforprivacyfile /Users/user/Library/Developer/Xcode/DerivedData/BestBefore_Prototype_IOS-gtponiwkrvabdfckstwbtylpgrqh/Build/Products/Debug-iphonesimulator/BestBefore_Prototype_IOS.app/GoogleDataTransport_GoogleDataTransport.bundle -scanforprivacyfile /Users/user/Library/Developer/Xcode/DerivedData/BestBefore_Prototype_IOS-gtponiwkrvabdfckstwbtylpgrqh/Build/Products/Debug-iphonesimulator/BestBefore_Prototype_IOS.app/GoogleUtilities_GoogleUtilities-AppDelegateSwizzler.bundle -scanforprivacyfile /Users/user/Library/Developer/Xcode/DerivedData/BestBefore_Prototype_IOS-gtponiwkrvabdfckstwbtylpgrqh/Build/Products/Debug-iphonesimulator/BestBefore_Prototype_IOS.app/GoogleUtilities_GoogleUtilities-Environment.bundle -scanforprivacyfile /Users/user/Library/Developer/Xcode/DerivedData/BestBefore_Prototype_IOS-gtponiwkrvabdfckstwbtylpgrqh/Build/Products/Debug-iphonesimulator/BestBefore_Prototype_IOS.app/GoogleUtilities_GoogleUtilities-Logger.bundle -scanforprivacyfile /Users/user/Library/Developer/Xcode/DerivedData/BestBefore_Prototype_IOS-gtponiwkrvabdfckstwbtylpgrqh/Build/Products/Debug-iphonesimulator/BestBefore_Prototype_IOS.app/GoogleUtilities_GoogleUtilities-NSData.bundle -scanforprivacyfile /Users/user/Library/Developer/Xcode/DerivedData/BestBefore_Prototype_IOS-gtponiwkrvabdfckstwbtylpgrqh/Build/Products/Debug-iphonesimulator/BestBefore_Prototype_IOS.app/GoogleUtilities_GoogleUtilities-Network.bundle -scanforprivacyfile /Users/user/Library/Developer/Xcode/DerivedData/BestBefore_Prototype_IOS-gtponiwkrvabdfckstwbtylpgrqh/Build/Products/Debug-iphonesimulator/BestBefore_Prototype_IOS.app/GoogleUtilities_GoogleUtilities-Reachability.bundle -scanforprivacyfile /Users/user/Library/Developer/Xcode/DerivedData/BestBefore_Prototype_IOS-gtponiwkrvabdfckstwbtylpgrqh/Build/Products/Debug-iphonesimulator/BestBefore_Prototype_IOS.app/GoogleUtilities_GoogleUtilities-UserDefaults.bundle -scanforprivacyfile /Users/user/Library/Developer/Xcode/DerivedData/BestBefore_Prototype_IOS-gtponiwkrvabdfckstwbtylpgrqh/Build/Products/Debug-iphonesimulator/BestBefore_Prototype_IOS.app/Promises_FBLPromises.bundle -scanforprivacyfile /Users/user/Library/Developer/Xcode/DerivedData/BestBefore_Prototype_IOS-gtponiwkrvabdfckstwbtylpgrqh/Build/Products/Debug-iphonesimulator/BestBefore_Prototype_IOS.app/nanopb_nanopb.bundle -o /Users/user/Library/Developer/Xcode/DerivedData/BestBefore_Prototype_IOS-gtponiwkrvabdfckstwbtylpgrqh/Build/Products/Debug-iphonesimulator/BestBefore_Prototype_IOS.app/Info.plist

** BUILD FAILED **


The following build commands failed:
	SwiftDriver BestBefore_Prototype_IOS normal arm64 com.apple.xcode.tools.swift.compiler (in target 'BestBefore_Prototype_IOS' from project 'BestBefore_Prototype_IOS')
	Building project BestBefore_Prototype_IOS with scheme BestBefore_Prototype_IOS and configuration Debug
(2 failures)
